Archive member included to satisfy reference by file (symbol)

/usr/lib/gcc/arm-none-eabi/13.2.0/../../../../arm-none-eabi/lib/thumb/v7e-m+fp/hard/libc_nano.a(libc_a-atexit.o)
                              /usr/lib/gcc/arm-none-eabi/13.2.0/../../../../arm-none-eabi/lib/thumb/v7e-m+fp/hard/crt0.o (atexit)
/usr/lib/gcc/arm-none-eabi/13.2.0/../../../../arm-none-eabi/lib/thumb/v7e-m+fp/hard/libc_nano.a(libc_a-exit.o)
                              /usr/lib/gcc/arm-none-eabi/13.2.0/../../../../arm-none-eabi/lib/thumb/v7e-m+fp/hard/crt0.o (exit)
/usr/lib/gcc/arm-none-eabi/13.2.0/../../../../arm-none-eabi/lib/thumb/v7e-m+fp/hard/libc_nano.a(libc_a-malloc.o)
                              build/usbh_cdc.o (malloc)
/usr/lib/gcc/arm-none-eabi/13.2.0/../../../../arm-none-eabi/lib/thumb/v7e-m+fp/hard/libc_nano.a(libc_a-mallocr.o)
                              /usr/lib/gcc/arm-none-eabi/13.2.0/../../../../arm-none-eabi/lib/thumb/v7e-m+fp/hard/libc_nano.a(libc_a-malloc.o) (_malloc_r)
/usr/lib/gcc/arm-none-eabi/13.2.0/../../../../arm-none-eabi/lib/thumb/v7e-m+fp/hard/libc_nano.a(libc_a-mlock.o)
                              /usr/lib/gcc/arm-none-eabi/13.2.0/../../../../arm-none-eabi/lib/thumb/v7e-m+fp/hard/libc_nano.a(libc_a-mallocr.o) (__malloc_lock)
/usr/lib/gcc/arm-none-eabi/13.2.0/../../../../arm-none-eabi/lib/thumb/v7e-m+fp/hard/libc_nano.a(libc_a-findfp.o)
                              /usr/lib/gcc/arm-none-eabi/13.2.0/../../../../arm-none-eabi/lib/thumb/v7e-m+fp/hard/libc_nano.a(libc_a-exit.o) (__stdio_exit_handler)
/usr/lib/gcc/arm-none-eabi/13.2.0/../../../../arm-none-eabi/lib/thumb/v7e-m+fp/hard/libc_nano.a(libc_a-fwalk.o)
                              /usr/lib/gcc/arm-none-eabi/13.2.0/../../../../arm-none-eabi/lib/thumb/v7e-m+fp/hard/libc_nano.a(libc_a-findfp.o) (_fwalk_sglue)
/usr/lib/gcc/arm-none-eabi/13.2.0/../../../../arm-none-eabi/lib/thumb/v7e-m+fp/hard/libc_nano.a(libc_a-stdio.o)
                              /usr/lib/gcc/arm-none-eabi/13.2.0/../../../../arm-none-eabi/lib/thumb/v7e-m+fp/hard/libc_nano.a(libc_a-findfp.o) (__sread)
/usr/lib/gcc/arm-none-eabi/13.2.0/../../../../arm-none-eabi/lib/thumb/v7e-m+fp/hard/libc_nano.a(libc_a-memset.o)
                              /usr/lib/gcc/arm-none-eabi/13.2.0/../../../../arm-none-eabi/lib/thumb/v7e-m+fp/hard/crt0.o (memset)
/usr/lib/gcc/arm-none-eabi/13.2.0/../../../../arm-none-eabi/lib/thumb/v7e-m+fp/hard/libc_nano.a(libc_a-closer.o)
                              /usr/lib/gcc/arm-none-eabi/13.2.0/../../../../arm-none-eabi/lib/thumb/v7e-m+fp/hard/libc_nano.a(libc_a-stdio.o) (_close_r)
/usr/lib/gcc/arm-none-eabi/13.2.0/../../../../arm-none-eabi/lib/thumb/v7e-m+fp/hard/libc_nano.a(libc_a-reent.o)
                              /usr/lib/gcc/arm-none-eabi/13.2.0/../../../../arm-none-eabi/lib/thumb/v7e-m+fp/hard/libc_nano.a(libc_a-closer.o) (errno)
/usr/lib/gcc/arm-none-eabi/13.2.0/../../../../arm-none-eabi/lib/thumb/v7e-m+fp/hard/libc_nano.a(libc_a-impure.o)
                              /usr/lib/gcc/arm-none-eabi/13.2.0/../../../../arm-none-eabi/lib/thumb/v7e-m+fp/hard/libc_nano.a(libc_a-malloc.o) (_impure_ptr)
/usr/lib/gcc/arm-none-eabi/13.2.0/../../../../arm-none-eabi/lib/thumb/v7e-m+fp/hard/libc_nano.a(libc_a-lseekr.o)
                              /usr/lib/gcc/arm-none-eabi/13.2.0/../../../../arm-none-eabi/lib/thumb/v7e-m+fp/hard/libc_nano.a(libc_a-stdio.o) (_lseek_r)
/usr/lib/gcc/arm-none-eabi/13.2.0/../../../../arm-none-eabi/lib/thumb/v7e-m+fp/hard/libc_nano.a(libc_a-readr.o)
                              /usr/lib/gcc/arm-none-eabi/13.2.0/../../../../arm-none-eabi/lib/thumb/v7e-m+fp/hard/libc_nano.a(libc_a-stdio.o) (_read_r)
/usr/lib/gcc/arm-none-eabi/13.2.0/../../../../arm-none-eabi/lib/thumb/v7e-m+fp/hard/libc_nano.a(libc_a-sbrkr.o)
                              /usr/lib/gcc/arm-none-eabi/13.2.0/../../../../arm-none-eabi/lib/thumb/v7e-m+fp/hard/libc_nano.a(libc_a-mallocr.o) (_sbrk_r)
/usr/lib/gcc/arm-none-eabi/13.2.0/../../../../arm-none-eabi/lib/thumb/v7e-m+fp/hard/libc_nano.a(libc_a-writer.o)
                              /usr/lib/gcc/arm-none-eabi/13.2.0/../../../../arm-none-eabi/lib/thumb/v7e-m+fp/hard/libc_nano.a(libc_a-stdio.o) (_write_r)
/usr/lib/gcc/arm-none-eabi/13.2.0/../../../../arm-none-eabi/lib/thumb/v7e-m+fp/hard/libc_nano.a(libc_a-init.o)
                              /usr/lib/gcc/arm-none-eabi/13.2.0/../../../../arm-none-eabi/lib/thumb/v7e-m+fp/hard/crt0.o (__libc_init_array)
/usr/lib/gcc/arm-none-eabi/13.2.0/../../../../arm-none-eabi/lib/thumb/v7e-m+fp/hard/libc_nano.a(libc_a-fini.o)
                              /usr/lib/gcc/arm-none-eabi/13.2.0/../../../../arm-none-eabi/lib/thumb/v7e-m+fp/hard/crt0.o (__libc_fini_array)
/usr/lib/gcc/arm-none-eabi/13.2.0/../../../../arm-none-eabi/lib/thumb/v7e-m+fp/hard/libc_nano.a(libc_a-lock.o)
                              /usr/lib/gcc/arm-none-eabi/13.2.0/../../../../arm-none-eabi/lib/thumb/v7e-m+fp/hard/libc_nano.a(libc_a-findfp.o) (__retarget_lock_init_recursive)
[...]
Memory Configuration

Name             Origin             Length             Attributes
RAM              0x20000000         0x00020000         xrw
CCMRAM           0x10000000         0x00010000         xrw
FLASH            0x08000000         0x00100000         xr
*default*        0x00000000         0xffffffff

Linker script and memory map

LOAD /usr/lib/gcc/arm-none-eabi/13.2.0/thumb/v7e-m+fp/hard/crti.o
LOAD /usr/lib/gcc/arm-none-eabi/13.2.0/thumb/v7e-m+fp/hard/crtbegin.o
LOAD /usr/lib/gcc/arm-none-eabi/13.2.0/../../../../arm-none-eabi/lib/thumb/v7e-m+fp/hard/crt0.o
LOAD build/main.o
LOAD build/stm32f4xx_hal_msp.o
LOAD build/stm32f4xx_it.o
LOAD build/system_stm32f4xx.o
LOAD build/stm32f4xx_hal.o
LOAD build/stm32f4xx_hal_cortex.o
LOAD build/stm32f4xx_hal_dma.o
LOAD build/stm32f4xx_hal_dma_ex.o
LOAD build/stm32f4xx_hal_exti.o
LOAD build/stm32f4xx_hal_flash.o
LOAD build/stm32f4xx_hal_flash_ex.o
LOAD build/stm32f4xx_hal_flash_ramfunc.o
LOAD build/stm32f4xx_hal_gpio.o
LOAD build/stm32f4xx_hal_hcd.o
LOAD build/stm32f4xx_hal_i2c.o
LOAD build/stm32f4xx_hal_i2c_ex.o
LOAD build/stm32f4xx_hal_i2s.o
LOAD build/stm32f4xx_hal_i2s_ex.o
LOAD build/stm32f4xx_hal_pwr.o
LOAD build/stm32f4xx_hal_pwr_ex.o
LOAD build/stm32f4xx_hal_rcc.o
LOAD build/stm32f4xx_hal_rcc_ex.o
LOAD build/stm32f4xx_hal_spi.o
LOAD build/stm32f4xx_hal_tim.o
LOAD build/stm32f4xx_hal_tim_ex.o
LOAD build/stm32f4xx_ll_usb.o
LOAD build/usbh_cdc.o
LOAD build/usbh_core.o
LOAD build/usbh_ctlreq.o
LOAD build/usbh_ioreq.o
LOAD build/usbh_pipes.o
LOAD build/usb_host.o
LOAD build/usbh_conf.o
LOAD build/usbh_platform.o
LOAD build/startup_stm32f407xx.o
LOAD /usr/lib/gcc/arm-none-eabi/13.2.0/../../../../arm-none-eabi/lib/thumb/v7e-m+fp/hard/libc_nano.a
LOAD /usr/lib/gcc/arm-none-eabi/13.2.0/../../../../arm-none-eabi/lib/thumb/v7e-m+fp/hard/libm.a
LOAD /usr/lib/gcc/arm-none-eabi/13.2.0/../../../../arm-none-eabi/lib/thumb/v7e-m+fp/hard/libnosys.a
START GROUP
LOAD /usr/lib/gcc/arm-none-eabi/13.2.0/thumb/v7e-m+fp/hard/libgcc.a
LOAD /usr/lib/gcc/arm-none-eabi/13.2.0/../../../../arm-none-eabi/lib/thumb/v7e-m+fp/hard/libc_nano.a
END GROUP
START GROUP
LOAD /usr/lib/gcc/arm-none-eabi/13.2.0/thumb/v7e-m+fp/hard/libgcc.a
LOAD /usr/lib/gcc/arm-none-eabi/13.2.0/../../../../arm-none-eabi/lib/thumb/v7e-m+fp/hard/libc_nano.a
END GROUP
LOAD /usr/lib/gcc/arm-none-eabi/13.2.0/thumb/v7e-m+fp/hard/crtend.o
LOAD /usr/lib/gcc/arm-none-eabi/13.2.0/thumb/v7e-m+fp/hard/crtn.o
                0x20020000                        _estack = (ORIGIN (RAM) + LENGTH (RAM))
                0x00000200                        _Min_Heap_Size = 0x200
                0x00000400                        _Min_Stack_Size = 0x400

.isr_vector     0x08000000      0x188
                0x08000000                        . = ALIGN (0x4)
 *(.isr_vector)
 .isr_vector    0x08000000      0x188 build/startup_stm32f407xx.o
                0x08000000                g_pfnVectors
                0x08000188                        . = ALIGN (0x4)

.text           0x08000188     0x489c
                0x08000188                        . = ALIGN (0x4)
 *(.text)
 .text          0x08000188       0x30 /usr/lib/gcc/arm-none-eabi/13.2.0/thumb/v7e-m+fp/hard/libgcc.a(_aeabi_uldivmod.o)
                0x08000188                __aeabi_uldivmod
 .text          0x080001b8        0x4 /usr/lib/gcc/arm-none-eabi/13.2.0/thumb/v7e-m+fp/hard/libgcc.a(_dvmd_tls.o)
                0x080001b8                __aeabi_ldiv0
                0x080001b8                __aeabi_idiv0
 *(.text*)
 .text.__do_global_dtors_aux
                0x080001bc       0x24 /usr/lib/gcc/arm-none-eabi/13.2.0/thumb/v7e-m+fp/hard/crtbegin.o
 .text.frame_dummy
                0x080001e0       0x1c /usr/lib/gcc/arm-none-eabi/13.2.0/thumb/v7e-m+fp/hard/crtbegin.o
 .text.MX_GPIO_Init
                0x080001fc      0x188 build/main.o
 .text.Error_Handler
                0x08000384        0x4 build/main.o
                0x08000384                Error_Handler
 .text.MX_I2C1_Init
                0x08000388       0x38 build/main.o
 .text.MX_I2S3_Init
                0x080003c0       0x38 build/main.o
 .text.MX_SPI1_Init
                0x080003f8       0x40 build/main.o
 .text.SystemClock_Config
                0x08000438       0xac build/main.o
                0x08000438                SystemClock_Config
 .text.main     0x080004e4       0x24 build/main.o
                0x080004e4                main
 .text.HAL_MspInit
                0x08000508       0x40 build/stm32f4xx_hal_msp.o
                0x08000508                HAL_MspInit
 .text.HAL_I2C_MspInit
                0x08000548       0x70 build/stm32f4xx_hal_msp.o
                0x08000548                HAL_I2C_MspInit
 .text.HAL_I2S_MspInit
                0x080005b8       0xc0 build/stm32f4xx_hal_msp.o
                0x080005b8                HAL_I2S_MspInit
 .text.HAL_SPI_MspInit
                0x08000678       0x6c build/stm32f4xx_hal_msp.o
                0x08000678                HAL_SPI_MspInit
 .text.NMI_Handler
                0x080006e4        0x2 build/stm32f4xx_it.o
                0x080006e4                NMI_Handler
 .text.HardFault_Handler
                0x080006e6        0x2 build/stm32f4xx_it.o
                0x080006e6                HardFault_Handler
 .text.MemManage_Handler
                0x080006e8        0x2 build/stm32f4xx_it.o
                0x080006e8                MemManage_Handler
 .text.BusFault_Handler
                0x080006ea        0x2 build/stm32f4xx_it.o
                0x080006ea                BusFault_Handler
 .text.UsageFault_Handler
                0x080006ec        0x2 build/stm32f4xx_it.o
                0x080006ec                UsageFault_Handler
 .text.SVC_Handler
                0x080006ee        0x2 build/stm32f4xx_it.o
                0x080006ee                SVC_Handler
 .text.DebugMon_Handler
                0x080006f0        0x2 build/stm32f4xx_it.o
                0x080006f0                DebugMon_Handler
 .text.PendSV_Handler
                0x080006f2        0x2 build/stm32f4xx_it.o
                0x080006f2                PendSV_Handler
 .text.SysTick_Handler
                0x080006f4        0x8 build/stm32f4xx_it.o
                0x080006f4                SysTick_Handler
 .text.OTG_FS_IRQHandler
                0x080006fc       0x10 build/stm32f4xx_it.o
                0x080006fc                OTG_FS_IRQHandler
 .text.SystemInit
                0x0800070c       0x14 build/system_stm32f4xx.o
                0x0800070c                SystemInit
 .text.HAL_InitTick
                0x08000720       0x4c build/stm32f4xx_hal.o
                0x08000720                HAL_InitTick
 .text.HAL_Init
                0x0800076c       0x34 build/stm32f4xx_hal.o
                0x0800076c                HAL_Init
 .text.HAL_IncTick
                0x080007a0       0x18 build/stm32f4xx_hal.o
                0x080007a0                HAL_IncTick
 .text.HAL_GetTick
                0x080007b8        0xc build/stm32f4xx_hal.o
                0x080007b8                HAL_GetTick
 .text.HAL_Delay
                0x080007c4       0x28 build/stm32f4xx_hal.o
                0x080007c4                HAL_Delay
 .text.__NVIC_SetPriority
                0x080007ec       0x28 build/stm32f4xx_hal_cortex.o
 .text.NVIC_EncodePriority
                0x08000814       0x3e build/stm32f4xx_hal_cortex.o
 *fill*         0x08000852        0x2 
 .text.HAL_NVIC_SetPriorityGrouping
                0x08000854       0x24 build/stm32f4xx_hal_cortex.o
                0x08000854                HAL_NVIC_SetPriorityGrouping
 .text.HAL_NVIC_SetPriority
                0x08000878       0x20 build/stm32f4xx_hal_cortex.o
                0x08000878                HAL_NVIC_SetPriority
 .text.HAL_NVIC_EnableIRQ
                0x08000898       0x1c build/stm32f4xx_hal_cortex.o
                0x08000898                HAL_NVIC_EnableIRQ
 .text.HAL_SYSTICK_Config
                0x080008b4       0x28 build/stm32f4xx_hal_cortex.o
                0x080008b4                HAL_SYSTICK_Config
 .text.HAL_GPIO_Init
                0x080008dc      0x1ec build/stm32f4xx_hal_gpio.o
                0x080008dc                HAL_GPIO_Init
 .text.HAL_GPIO_WritePin
                0x08000ac8        0xc build/stm32f4xx_hal_gpio.o
                0x08000ac8                HAL_GPIO_WritePin
 .text.HCD_RXQLVL_IRQHandler
                0x08000ad4       0xa4 build/stm32f4xx_hal_hcd.o
 .text.HAL_HCD_HC_Init
                0x08000b78       0x8e build/stm32f4xx_hal_hcd.o
                0x08000b78                HAL_HCD_HC_Init
 .text.HAL_HCD_HC_Halt
                0x08000c06       0x24 build/stm32f4xx_hal_hcd.o
                0x08000c06                HAL_HCD_HC_Halt
 .text.HAL_HCD_Init
                0x08000c2a       0xa4 build/stm32f4xx_hal_hcd.o
                0x08000c2a                HAL_HCD_Init
 .text.HAL_HCD_HC_SubmitRequest
                0x08000cce      0x164 build/stm32f4xx_hal_hcd.o
                0x08000cce                HAL_HCD_HC_SubmitRequest
 .text.HCD_Port_IRQHandler
                0x08000e32       0xb0 build/stm32f4xx_hal_hcd.o
 .text.HCD_HC_IN_IRQHandler
                0x08000ee2      0x2ac build/stm32f4xx_hal_hcd.o
 .text.HCD_HC_OUT_IRQHandler
                0x0800118e      0x2bc build/stm32f4xx_hal_hcd.o
 .text.HAL_HCD_IRQHandler
                0x0800144a      0x154 build/stm32f4xx_hal_hcd.o
                0x0800144a                HAL_HCD_IRQHandler
 .text.HAL_HCD_Start
                0x0800159e       0x2a build/stm32f4xx_hal_hcd.o
                0x0800159e                HAL_HCD_Start
 .text.HAL_HCD_Stop
                0x080015c8       0x24 build/stm32f4xx_hal_hcd.o
                0x080015c8                HAL_HCD_Stop
 .text.HAL_HCD_ResetPort
                0x080015ec        0xa build/stm32f4xx_hal_hcd.o
                0x080015ec                HAL_HCD_ResetPort
 .text.HAL_HCD_HC_GetURBState
                0x080015f6        0xc build/stm32f4xx_hal_hcd.o
                0x080015f6                HAL_HCD_HC_GetURBState
 .text.HAL_HCD_HC_GetXferCount
                0x08001602        0xa build/stm32f4xx_hal_hcd.o
                0x08001602                HAL_HCD_HC_GetXferCount
 .text.HAL_HCD_GetCurrentFrame
                0x0800160c        0xa build/stm32f4xx_hal_hcd.o
                0x0800160c                HAL_HCD_GetCurrentFrame
 .text.HAL_HCD_GetCurrentSpeed
                0x08001616        0xa build/stm32f4xx_hal_hcd.o
                0x08001616                HAL_HCD_GetCurrentSpeed
 .text.HAL_I2C_Init
                0x08001620      0x1bc build/stm32f4xx_hal_i2c.o
                0x08001620                HAL_I2C_Init
 .text.HAL_I2S_Init
                0x080017dc      0x19c build/stm32f4xx_hal_i2s.o
                0x080017dc                HAL_I2S_Init
 .text.HAL_I2S_TxCpltCallback
                0x08001978        0x2 build/stm32f4xx_hal_i2s.o
                0x08001978                HAL_I2S_TxCpltCallback
 .text.I2S_Transmit_IT
                0x0800197a       0x38 build/stm32f4xx_hal_i2s.o
 .text.HAL_I2S_RxCpltCallback
                0x080019b2        0x2 build/stm32f4xx_hal_i2s.o
                0x080019b2                HAL_I2S_RxCpltCallback
 .text.I2S_Receive_IT
                0x080019b4       0x38 build/stm32f4xx_hal_i2s.o
 .text.HAL_I2S_ErrorCallback
                0x080019ec        0x2 build/stm32f4xx_hal_i2s.o
                0x080019ec                HAL_I2S_ErrorCallback
 .text.I2S_IRQHandler
                0x080019ee       0xd0 build/stm32f4xx_hal_i2s.o
 .text.HAL_I2SEx_TxRxCpltCallback
                0x08001abe        0x2 build/stm32f4xx_hal_i2s_ex.o
                0x08001abe                HAL_I2SEx_TxRxCpltCallback
 .text.I2SEx_TxISR_I2S
                0x08001ac0       0x3c build/stm32f4xx_hal_i2s_ex.o
 .text.I2SEx_RxISR_I2SExt
                0x08001afc       0x64 build/stm32f4xx_hal_i2s_ex.o
 .text.I2SEx_TxISR_I2SExt
                0x08001b60       0x64 build/stm32f4xx_hal_i2s_ex.o
 .text.I2SEx_RxISR_I2S
                0x08001bc4       0x3c build/stm32f4xx_hal_i2s_ex.o
 .text.HAL_I2SEx_FullDuplex_IRQHandler
                0x08001c00      0x1d8 build/stm32f4xx_hal_i2s_ex.o
                0x08001c00                HAL_I2SEx_FullDuplex_IRQHandler
 .text.HAL_RCC_OscConfig
                0x08001dd8      0x3f8 build/stm32f4xx_hal_rcc.o
                0x08001dd8                HAL_RCC_OscConfig
 .text.HAL_RCC_GetSysClockFreq
                0x080021d0       0xdc build/stm32f4xx_hal_rcc.o
                0x080021d0                HAL_RCC_GetSysClockFreq
 .text.HAL_RCC_ClockConfig
                0x080022ac      0x160 build/stm32f4xx_hal_rcc.o
                0x080022ac                HAL_RCC_ClockConfig
 .text.HAL_RCC_GetHCLKFreq
                0x0800240c        0xc build/stm32f4xx_hal_rcc.o
                0x0800240c                HAL_RCC_GetHCLKFreq
 .text.HAL_RCC_GetPCLK1Freq
                0x08002418       0x20 build/stm32f4xx_hal_rcc.o
                0x08002418                HAL_RCC_GetPCLK1Freq
 .text.HAL_RCCEx_PeriphCLKConfig
                0x08002438      0x154 build/stm32f4xx_hal_rcc_ex.o
                0x08002438                HAL_RCCEx_PeriphCLKConfig
 .text.HAL_RCCEx_GetPeriphCLKFreq
                0x0800258c       0x74 build/stm32f4xx_hal_rcc_ex.o
                0x0800258c                HAL_RCCEx_GetPeriphCLKFreq
 .text.HAL_SPI_Init
                0x08002600       0xbe build/stm32f4xx_hal_spi.o
                0x08002600                HAL_SPI_Init
 *fill*         0x080026be        0x2 
 .text.USB_CoreReset
                0x080026c0       0x50 build/stm32f4xx_ll_usb.o
 .text.USB_CoreInit
                0x08002710       0x8a build/stm32f4xx_ll_usb.o
                0x08002710                USB_CoreInit
 .text.USB_EnableGlobalInt
                0x0800279a        0xc build/stm32f4xx_ll_usb.o
                0x0800279a                USB_EnableGlobalInt
 .text.USB_DisableGlobalInt
                0x080027a6        0xc build/stm32f4xx_ll_usb.o
                0x080027a6                USB_DisableGlobalInt
 *fill*         0x080027b2        0x2 
 .text.USB_FlushTxFifo
                0x080027b4       0x50 build/stm32f4xx_ll_usb.o
                0x080027b4                USB_FlushTxFifo
 .text.USB_FlushRxFifo
                0x08002804       0x4c build/stm32f4xx_ll_usb.o
                0x08002804                USB_FlushRxFifo
 .text.USB_WritePacket
                0x08002850       0x2e build/stm32f4xx_ll_usb.o
                0x08002850                USB_WritePacket
 .text.USB_ReadPacket
                0x0800287e       0x46 build/stm32f4xx_ll_usb.o
                0x0800287e                USB_ReadPacket
 .text.USB_ReadInterrupts
                0x080028c4        0x8 build/stm32f4xx_ll_usb.o
                0x080028c4                USB_ReadInterrupts
 .text.USB_GetMode
                0x080028cc        0x8 build/stm32f4xx_ll_usb.o
                0x080028cc                USB_GetMode
 .text.USB_SetCurrentMode
                0x080028d4       0x62 build/stm32f4xx_ll_usb.o
                0x080028d4                USB_SetCurrentMode
 *fill*         0x08002936        0x2 
 .text.USB_HostInit
                0x08002938       0xf8 build/stm32f4xx_ll_usb.o
                0x08002938                USB_HostInit
 .text.USB_InitFSLSPClkSel
                0x08002a30       0x3e build/stm32f4xx_ll_usb.o
                0x08002a30                USB_InitFSLSPClkSel
 .text.USB_ResetPort
                0x08002a6e       0x3e build/stm32f4xx_ll_usb.o
                0x08002a6e                USB_ResetPort
 .text.USB_DriveVbus
                0x08002aac       0x46 build/stm32f4xx_ll_usb.o
                0x08002aac                USB_DriveVbus
 .text.USB_GetHostSpeed
                0x08002af2       0x16 build/stm32f4xx_ll_usb.o
                0x08002af2                USB_GetHostSpeed
 .text.USB_GetCurrentFrame
                0x08002b08        0xa build/stm32f4xx_ll_usb.o
                0x08002b08                USB_GetCurrentFrame
 .text.USB_HC_Init
                0x08002b12      0x126 build/stm32f4xx_ll_usb.o
                0x08002b12                USB_HC_Init
 .text.USB_HC_ReadInterrupt
                0x08002c38        0xa build/stm32f4xx_ll_usb.o
                0x08002c38                USB_HC_ReadInterrupt
 .text.USB_HC_Halt
                0x08002c42       0xe6 build/stm32f4xx_ll_usb.o
                0x08002c42                USB_HC_Halt
 .text.USB_DoPing
                0x08002d28       0x24 build/stm32f4xx_ll_usb.o
                0x08002d28                USB_DoPing
 .text.USB_HC_StartXfer
                0x08002d4c      0x168 build/stm32f4xx_ll_usb.o
                0x08002d4c                USB_HC_StartXfer
 .text.USB_StopHost
                0x08002eb4       0x92 build/stm32f4xx_ll_usb.o
                0x08002eb4                USB_StopHost
 .text.USBH_CDC_SOFProcess
                0x08002f46        0x4 build/usbh_cdc.o
 .text.SetLineCoding
                0x08002f4a       0x1a build/usbh_cdc.o
 .text.GetLineCoding
                0x08002f64       0x1a build/usbh_cdc.o
 .text.USBH_CDC_ClassRequest
                0x08002f7e       0x22 build/usbh_cdc.o
 .text.USBH_CDC_InterfaceDeInit
                0x08002fa0       0x68 build/usbh_cdc.o
 .text.USBH_CDC_InterfaceInit
                0x08003008      0x186 build/usbh_cdc.o
 .text.USBH_CDC_TransmitCallback
                0x0800318e        0x2 build/usbh_cdc.o
                0x0800318e                USBH_CDC_TransmitCallback
 .text.CDC_ProcessTransmission
                0x08003190       0x92 build/usbh_cdc.o
 .text.USBH_CDC_ReceiveCallback
                0x08003222        0x2 build/usbh_cdc.o
                0x08003222                USBH_CDC_ReceiveCallback
 .text.CDC_ProcessReception
                0x08003224       0x66 build/usbh_cdc.o
 .text.USBH_CDC_LineCodingChanged
                0x0800328a        0x2 build/usbh_cdc.o
                0x0800328a                USBH_CDC_LineCodingChanged
 .text.USBH_CDC_Process
                0x0800328c       0xae build/usbh_cdc.o
 .text.DeInitStateMachine
                0x0800333a       0x62 build/usbh_core.o
 .text.USBH_HandleSof
                0x0800339c       0x1a build/usbh_core.o
 .text.USBH_HandleEnum
                0x080033b6      0x26e build/usbh_core.o
 .text.USBH_Init
                0x08003624       0x3e build/usbh_core.o
                0x08003624                USBH_Init
 .text.USBH_RegisterClass
                0x08003662       0x22 build/usbh_core.o
                0x08003662                USBH_RegisterClass
 .text.USBH_SelectInterface
                0x08003684       0x14 build/usbh_core.o
                0x08003684                USBH_SelectInterface
 .text.USBH_FindInterface
                0x08003698       0x54 build/usbh_core.o
                0x08003698                USBH_FindInterface
 .text.USBH_Start
                0x080036ec       0x14 build/usbh_core.o
                0x080036ec                USBH_Start
 .text.USBH_Process
                0x08003700      0x28e build/usbh_core.o
                0x08003700                USBH_Process
 .text.USBH_LL_SetTimer
                0x0800398e        0x6 build/usbh_core.o
                0x0800398e                USBH_LL_SetTimer
 .text.USBH_LL_IncTimer
                0x08003994       0x12 build/usbh_core.o
                0x08003994                USBH_LL_IncTimer
 .text.USBH_LL_PortEnabled
                0x080039a6        0x8 build/usbh_core.o
                0x080039a6                USBH_LL_PortEnabled
 .text.USBH_LL_PortDisabled
                0x080039ae        0x8 build/usbh_core.o
                0x080039ae                USBH_LL_PortDisabled
 .text.USBH_LL_Connect
                0x080039b6       0x14 build/usbh_core.o
                0x080039b6                USBH_LL_Connect
 .text.USBH_LL_Disconnect
                0x080039ca       0x2c build/usbh_core.o
                0x080039ca                USBH_LL_Disconnect
 *fill*         0x080039f6        0x2 
 .text.USBH_ParseDevDesc
                0x080039f8       0x84 build/usbh_ctlreq.o
 .text.USBH_ParseInterfaceDesc
                0x08003a7c       0x26 build/usbh_ctlreq.o
 .text.USBH_ParseEPDesc
                0x08003aa2       0x98 build/usbh_ctlreq.o
 .text.USBH_ParseStringDesc
                0x08003b3a       0x32 build/usbh_ctlreq.o
 .text.USBH_HandleControl
                0x08003b6c      0x1d8 build/usbh_ctlreq.o
 .text.USBH_GetNextDesc
                0x08003d44        0xe build/usbh_ctlreq.o
                0x08003d44                USBH_GetNextDesc
 .text.USBH_ParseCfgDesc
                0x08003d52      0x166 build/usbh_ctlreq.o
 .text.USBH_CtlReq
                0x08003eb8       0x40 build/usbh_ctlreq.o
                0x08003eb8                USBH_CtlReq
 .text.USBH_GetDescriptor
                0x08003ef8       0x42 build/usbh_ctlreq.o
                0x08003ef8                USBH_GetDescriptor
 .text.USBH_Get_DevDesc
                0x08003f3a       0x32 build/usbh_ctlreq.o
                0x08003f3a                USBH_Get_DevDesc
 .text.USBH_Get_CfgDesc
                0x08003f6c       0x2c build/usbh_ctlreq.o
                0x08003f6c                USBH_Get_CfgDesc
 .text.USBH_Get_StringDesc
                0x08003f98       0x30 build/usbh_ctlreq.o
                0x08003f98                USBH_Get_StringDesc
 .text.USBH_SetAddress
                0x08003fc8       0x22 build/usbh_ctlreq.o
                0x08003fc8                USBH_SetAddress
 .text.USBH_SetCfg
                0x08003fea       0x22 build/usbh_ctlreq.o
                0x08003fea                USBH_SetCfg
 .text.USBH_SetFeature
                0x0800400c       0x22 build/usbh_ctlreq.o
                0x0800400c                USBH_SetFeature
 .text.USBH_ClrFeature
                0x0800402e       0x24 build/usbh_ctlreq.o
                0x0800402e                USBH_ClrFeature
 .text.USBH_CtlSendSetup
                0x08004052       0x22 build/usbh_ioreq.o
                0x08004052                USBH_CtlSendSetup
 .text.USBH_CtlSendData
                0x08004074       0x2c build/usbh_ioreq.o
                0x08004074                USBH_CtlSendData
 .text.USBH_CtlReceiveData
                0x080040a0       0x20 build/usbh_ioreq.o
                0x080040a0                USBH_CtlReceiveData
 .text.USBH_BulkSendData
                0x080040c0       0x2c build/usbh_ioreq.o
                0x080040c0                USBH_BulkSendData
 .text.USBH_BulkReceiveData
                0x080040ec       0x20 build/usbh_ioreq.o
                0x080040ec                USBH_BulkReceiveData
 .text.USBH_GetFreePipe
                0x0800410c       0x26 build/usbh_pipes.o
 .text.USBH_OpenPipe
                0x08004132       0x20 build/usbh_pipes.o
                0x08004132                USBH_OpenPipe
 .text.USBH_ClosePipe
                0x08004152        0xa build/usbh_pipes.o
                0x08004152                USBH_ClosePipe
 .text.USBH_AllocPipe
                0x0800415c       0x26 build/usbh_pipes.o
                0x0800415c                USBH_AllocPipe
 .text.USBH_FreePipe
                0x08004182       0x16 build/usbh_pipes.o
                0x08004182                USBH_FreePipe
 .text.USBH_UserProcess
                0x08004198       0x2c build/usb_host.o
 .text.MX_USB_HOST_Init
                0x080041c4       0x40 build/usb_host.o
                0x080041c4                MX_USB_HOST_Init
 .text.MX_USB_HOST_Process
                0x08004204       0x10 build/usb_host.o
                0x08004204                MX_USB_HOST_Process
 .text.HAL_HCD_MspInit
                0x08004214       0x94 build/usbh_conf.o
                0x08004214                HAL_HCD_MspInit
 .text.HAL_HCD_SOF_Callback
                0x080042a8        0xc build/usbh_conf.o
                0x080042a8                HAL_HCD_SOF_Callback
 .text.HAL_HCD_Connect_Callback
                0x080042b4        0xc build/usbh_conf.o
                0x080042b4                HAL_HCD_Connect_Callback
 .text.HAL_HCD_Disconnect_Callback
                0x080042c0        0xc build/usbh_conf.o
                0x080042c0                HAL_HCD_Disconnect_Callback
 .text.HAL_HCD_HC_NotifyURBChange_Callback
                0x080042cc        0x2 build/usbh_conf.o
                0x080042cc                HAL_HCD_HC_NotifyURBChange_Callback
 .text.HAL_HCD_PortEnabled_Callback
                0x080042ce        0xc build/usbh_conf.o
                0x080042ce                HAL_HCD_PortEnabled_Callback
 .text.HAL_HCD_PortDisabled_Callback
                0x080042da        0xc build/usbh_conf.o
                0x080042da                HAL_HCD_PortDisabled_Callback
 *fill*         0x080042e6        0x2 
 .text.USBH_LL_Init
                0x080042e8       0x54 build/usbh_conf.o
                0x080042e8                USBH_LL_Init
 .text.USBH_LL_GetSpeed
                0x0800433c       0x20 build/usbh_conf.o
                0x0800433c                USBH_LL_GetSpeed
 .text.USBH_LL_GetLastXferSize
                0x0800435c        0xc build/usbh_conf.o
                0x0800435c                USBH_LL_GetLastXferSize
 .text.USBH_LL_GetURBState
                0x08004368        0xc build/usbh_conf.o
                0x08004368                USBH_LL_GetURBState
 .text.USBH_LL_DriverVBUS
                0x08004374       0x1c build/usbh_conf.o
                0x08004374                USBH_LL_DriverVBUS
 .text.USBH_LL_SetToggle
                0x08004390       0x2a build/usbh_conf.o
                0x08004390                USBH_LL_SetToggle
 .text.USBH_Delay
                0x080043ba        0x8 build/usbh_conf.o
                0x080043ba                USBH_Delay
 .text.USBH_Get_USB_Status
                0x080043c2       0x14 build/usbh_conf.o
                0x080043c2                USBH_Get_USB_Status
 .text.USBH_LL_Start
                0x080043d6       0x10 build/usbh_conf.o
                0x080043d6                USBH_LL_Start
 .text.USBH_LL_Stop
                0x080043e6       0x10 build/usbh_conf.o
                0x080043e6                USBH_LL_Stop
 .text.USBH_LL_ResetPort
                0x080043f6       0x10 build/usbh_conf.o
                0x080043f6                USBH_LL_ResetPort
 .text.USBH_LL_OpenPipe
                0x08004406       0x26 build/usbh_conf.o
                0x08004406                USBH_LL_OpenPipe
 .text.USBH_LL_ClosePipe
                0x0800442c       0x10 build/usbh_conf.o
                0x0800442c                USBH_LL_ClosePipe
 .text.USBH_LL_SubmitURB
                0x0800443c       0x2a build/usbh_conf.o
                0x0800443c                USBH_LL_SubmitURB
 *fill*         0x08004466        0x2 
 .text.MX_DriverVbusFS
                0x08004468       0x18 build/usbh_platform.o
                0x08004468                MX_DriverVbusFS
 .text.Reset_Handler
                0x08004480       0x50 build/startup_stm32f407xx.o
                0x08004480                Reset_Handler
 .text.Default_Handler
                0x080044d0        0x2 build/startup_stm32f407xx.o
                0x080044d0                RTC_Alarm_IRQHandler
                0x080044d0                HASH_RNG_IRQHandler
                0x080044d0                EXTI2_IRQHandler
                0x080044d0                TIM8_CC_IRQHandler
                0x080044d0                TIM1_CC_IRQHandler
                0x080044d0                DMA2_Stream5_IRQHandler
                0x080044d0                DMA1_Stream5_IRQHandler
                0x080044d0                PVD_IRQHandler
                0x080044d0                SDIO_IRQHandler
                0x080044d0                TAMP_STAMP_IRQHandler
                0x080044d0                CAN2_RX1_IRQHandler
                0x080044d0                EXTI3_IRQHandler
                0x080044d0                TIM8_TRG_COM_TIM14_IRQHandler
                0x080044d0                TIM1_UP_TIM10_IRQHandler
                0x080044d0                TIM8_UP_TIM13_IRQHandler
                0x080044d0                I2C3_ER_IRQHandler
                0x080044d0                EXTI0_IRQHandler
                0x080044d0                I2C2_EV_IRQHandler
                0x080044d0                DMA1_Stream2_IRQHandler
                0x080044d0                CAN1_RX0_IRQHandler
                0x080044d0                FPU_IRQHandler
                0x080044d0                OTG_HS_WKUP_IRQHandler
                0x080044d0                CAN2_SCE_IRQHandler
                0x080044d0                DMA2_Stream2_IRQHandler
                0x080044d0                SPI1_IRQHandler
                0x080044d0                TIM6_DAC_IRQHandler
                0x080044d0                TIM1_BRK_TIM9_IRQHandler
                0x080044d0                DCMI_IRQHandler
                0x080044d0                CAN2_RX0_IRQHandler
                0x080044d0                DMA2_Stream3_IRQHandler
                0x080044d0                USART6_IRQHandler
                0x080044d0                USART3_IRQHandler
                0x080044d0                CAN1_RX1_IRQHandler
                0x080044d0                UART5_IRQHandler
                0x080044d0                DMA2_Stream0_IRQHandler
                0x080044d0                TIM4_IRQHandler
                0x080044d0                I2C1_EV_IRQHandler
                0x080044d0                DMA1_Stream6_IRQHandler
                0x080044d0                DMA1_Stream1_IRQHandler
                0x080044d0                UART4_IRQHandler
                0x080044d0                TIM3_IRQHandler
                0x080044d0                RCC_IRQHandler
                0x080044d0                TIM8_BRK_TIM12_IRQHandler
                0x080044d0                Default_Handler
                0x080044d0                EXTI15_10_IRQHandler
                0x080044d0                ADC_IRQHandler
                0x080044d0                DMA1_Stream7_IRQHandler
                0x080044d0                TIM7_IRQHandler
                0x080044d0                CAN2_TX_IRQHandler
                0x080044d0                TIM5_IRQHandler
                0x080044d0                DMA2_Stream7_IRQHandler
                0x080044d0                I2C3_EV_IRQHandler
                0x080044d0                EXTI9_5_IRQHandler
                0x080044d0                RTC_WKUP_IRQHandler
                0x080044d0                ETH_WKUP_IRQHandler
                0x080044d0                SPI2_IRQHandler
                0x080044d0                OTG_HS_EP1_IN_IRQHandler
                0x080044d0                DMA1_Stream0_IRQHandler
                0x080044d0                CAN1_TX_IRQHandler
                0x080044d0                EXTI4_IRQHandler
                0x080044d0                FSMC_IRQHandler
                0x080044d0                ETH_IRQHandler
                0x080044d0                OTG_HS_EP1_OUT_IRQHandler
                0x080044d0                WWDG_IRQHandler
                0x080044d0                TIM2_IRQHandler
                0x080044d0                OTG_FS_WKUP_IRQHandler
                0x080044d0                TIM1_TRG_COM_TIM11_IRQHandler
                0x080044d0                OTG_HS_IRQHandler
                0x080044d0                EXTI1_IRQHandler
                0x080044d0                USART2_IRQHandler
                0x080044d0                I2C2_ER_IRQHandler
                0x080044d0                DMA2_Stream1_IRQHandler
                0x080044d0                CAN1_SCE_IRQHandler
                0x080044d0                FLASH_IRQHandler
                0x080044d0                DMA2_Stream4_IRQHandler
                0x080044d0                USART1_IRQHandler
                0x080044d0                SPI3_IRQHandler
                0x080044d0                DMA1_Stream4_IRQHandler
                0x080044d0                I2C1_ER_IRQHandler
                0x080044d0                DMA2_Stream6_IRQHandler
                0x080044d0                DMA1_Stream3_IRQHandler
 *fill*         0x080044d2        0x2 
 .text.malloc   0x080044d4       0x10 /usr/lib/gcc/arm-none-eabi/13.2.0/../../../../arm-none-eabi/lib/thumb/v7e-m+fp/hard/libc_nano.a(libc_a-malloc.o)
                0x080044d4                malloc
 .text.free     0x080044e4       0x10 /usr/lib/gcc/arm-none-eabi/13.2.0/../../../../arm-none-eabi/lib/thumb/v7e-m+fp/hard/libc_nano.a(libc_a-malloc.o)
                0x080044e4                free
 .text.sbrk_aligned
                0x080044f4       0x44 /usr/lib/gcc/arm-none-eabi/13.2.0/../../../../arm-none-eabi/lib/thumb/v7e-m+fp/hard/libc_nano.a(libc_a-mallocr.o)
 .text._malloc_r
                0x08004538       0xf0 /usr/lib/gcc/arm-none-eabi/13.2.0/../../../../arm-none-eabi/lib/thumb/v7e-m+fp/hard/libc_nano.a(libc_a-mallocr.o)
                0x08004538                _malloc_r
 .text.__malloc_lock
                0x08004628        0xc /usr/lib/gcc/arm-none-eabi/13.2.0/../../../../arm-none-eabi/lib/thumb/v7e-m+fp/hard/libc_nano.a(libc_a-mlock.o)
                0x08004628                __malloc_lock
 .text.__malloc_unlock
                0x08004634        0xc /usr/lib/gcc/arm-none-eabi/13.2.0/../../../../arm-none-eabi/lib/thumb/v7e-m+fp/hard/libc_nano.a(libc_a-mlock.o)
                0x08004634                __malloc_unlock
 .text.memset   0x08004640       0x10 /usr/lib/gcc/arm-none-eabi/13.2.0/../../../../arm-none-eabi/lib/thumb/v7e-m+fp/hard/libc_nano.a(libc_a-memset.o)
                0x08004640                memset
 .text._sbrk_r  0x08004650       0x20 /usr/lib/gcc/arm-none-eabi/13.2.0/../../../../arm-none-eabi/lib/thumb/v7e-m+fp/hard/libc_nano.a(libc_a-sbrkr.o)
                0x08004650                _sbrk_r
 .text.__libc_init_array
                0x08004670       0x48 /usr/lib/gcc/arm-none-eabi/13.2.0/../../../../arm-none-eabi/lib/thumb/v7e-m+fp/hard/libc_nano.a(libc_a-init.o)
                0x08004670                __libc_init_array
 .text.__retarget_lock_acquire_recursive
                0x080046b8        0x2 /usr/lib/gcc/arm-none-eabi/13.2.0/../../../../arm-none-eabi/lib/thumb/v7e-m+fp/hard/libc_nano.a(libc_a-lock.o)
                0x080046b8                __retarget_lock_acquire_recursive
 .text.__retarget_lock_release_recursive
                0x080046ba        0x2 /usr/lib/gcc/arm-none-eabi/13.2.0/../../../../arm-none-eabi/lib/thumb/v7e-m+fp/hard/libc_nano.a(libc_a-lock.o)
                0x080046ba                __retarget_lock_release_recursive
 .text._free_r  0x080046bc       0x94 /usr/lib/gcc/arm-none-eabi/13.2.0/../../../../arm-none-eabi/lib/thumb/v7e-m+fp/hard/libc_nano.a(libc_a-freer.o)
                0x080046bc                _free_r
 .text._sbrk    0x08004750       0x1c /usr/lib/gcc/arm-none-eabi/13.2.0/../../../../arm-none-eabi/lib/thumb/v7e-m+fp/hard/libnosys.a(sbrk.o)
                0x08004750                _sbrk
 .text.__udivmoddi4
                0x0800476c      0x2a0 /usr/lib/gcc/arm-none-eabi/13.2.0/thumb/v7e-m+fp/hard/libgcc.a(_udivmoddi4.o)
                0x0800476c                __udivmoddi4
 *(.glue_7)
 .glue_7        0x08004a0c        0x0 linker stubs
 *(.glue_7t)
 .glue_7t       0x08004a0c        0x0 linker stubs
 *(.eh_frame)
 .eh_frame      0x08004a0c        0x0 /usr/lib/gcc/arm-none-eabi/13.2.0/thumb/v7e-m+fp/hard/crtbegin.o
 *(.init)
 .init          0x08004a0c        0x4 /usr/lib/gcc/arm-none-eabi/13.2.0/thumb/v7e-m+fp/hard/crti.o
                0x08004a0c                _init
 .init          0x08004a10        0x8 /usr/lib/gcc/arm-none-eabi/13.2.0/thumb/v7e-m+fp/hard/crtn.o
 *(.fini)
 .fini          0x08004a18        0x4 /usr/lib/gcc/arm-none-eabi/13.2.0/thumb/v7e-m+fp/hard/crti.o
                0x08004a18                _fini
 .fini          0x08004a1c        0x8 /usr/lib/gcc/arm-none-eabi/13.2.0/thumb/v7e-m+fp/hard/crtn.o
                0x08004a24                        . = ALIGN (0x4)
                0x08004a24                        _etext = .

.vfp11_veneer   0x08004a24        0x0
 .vfp11_veneer  0x08004a24        0x0 linker stubs

.v4_bx          0x08004a24        0x0
 .v4_bx         0x08004a24        0x0 linker stubs

.iplt           0x08004a24        0x0
 .iplt          0x08004a24        0x0 /usr/lib/gcc/arm-none-eabi/13.2.0/thumb/v7e-m+fp/hard/crtbegin.o

.rodata         0x08004a24       0x1c
                0x08004a24                        . = ALIGN (0x4)
 *(.rodata)
 *(.rodata*)
 .rodata.APBPrescTable
                0x08004a24        0x8 build/system_stm32f4xx.o
                0x08004a24                APBPrescTable
 .rodata.AHBPrescTable
                0x08004a2c       0x10 build/system_stm32f4xx.o
                0x08004a2c                AHBPrescTable
 .rodata.str1.4
                0x08004a3c        0x4 build/usbh_cdc.o
                0x08004a40                        . = ALIGN (0x4)

.ARM.extab
 *(.ARM.extab* .gnu.linkonce.armextab.*)

.ARM            0x08004a40        0x8
                0x08004a40                        __exidx_start = .
 *(.ARM.exidx*)
 .ARM.exidx.text.__udivmoddi4
                0x08004a40        0x8 /usr/lib/gcc/arm-none-eabi/13.2.0/thumb/v7e-m+fp/hard/libgcc.a(_udivmoddi4.o)
                0x08004a48                        __exidx_end = .

.rel.dyn        0x08004a48        0x0
 .rel.iplt      0x08004a48        0x0 /usr/lib/gcc/arm-none-eabi/13.2.0/thumb/v7e-m+fp/hard/crtbegin.o

.preinit_array  0x08004a48        0x0
                0x08004a48                        PROVIDE (__preinit_array_start = .)
 *(.preinit_array*)
                0x08004a48                        PROVIDE (__preinit_array_end = .)

.init_array     0x08004a48        0x4
                0x08004a48                        PROVIDE (__init_array_start = .)
 *(SORT_BY_NAME(.init_array.*))
 *(.init_array*)
 .init_array    0x08004a48        0x4 /usr/lib/gcc/arm-none-eabi/13.2.0/thumb/v7e-m+fp/hard/crtbegin.o
                0x08004a4c                        PROVIDE (__init_array_end = .)

.fini_array     0x08004a4c        0x4
                0x08004a4c                        PROVIDE (__fini_array_start = .)
 *(SORT_BY_NAME(.fini_array.*))
 *(.fini_array*)
 .fini_array    0x08004a4c        0x4 /usr/lib/gcc/arm-none-eabi/13.2.0/thumb/v7e-m+fp/hard/crtbegin.o
                0x08004a50                        PROVIDE (__fini_array_end = .)
                0x08004a50                        _sidata = LOADADDR (.data)

.data           0x20000000       0x7c load address 0x08004a50
                0x20000000                        . = ALIGN (0x4)
                0x20000000                        _sdata = .
 *(.data)
 *(.data*)
 .data.SystemCoreClock
                0x20000000        0x4 build/system_stm32f4xx.o
                0x20000000                SystemCoreClock
 .data.uwTickFreq
                0x20000004        0x1 build/stm32f4xx_hal.o
                0x20000004                uwTickFreq
 *fill*         0x20000005        0x3 
 .data.uwTickPrio
                0x20000008        0x4 build/stm32f4xx_hal.o
                0x20000008                uwTickPrio
 .data.CDC_Class
                0x2000000c       0x20 build/usbh_cdc.o
                0x2000000c                CDC_Class
 .data._impure_ptr
                0x2000002c        0x4 /usr/lib/gcc/arm-none-eabi/13.2.0/../../../../arm-none-eabi/lib/thumb/v7e-m+fp/hard/libc_nano.a(libc_a-impure.o)
                0x2000002c                _impure_ptr
 .data._impure_data
                0x20000030       0x4c /usr/lib/gcc/arm-none-eabi/13.2.0/../../../../arm-none-eabi/lib/thumb/v7e-m+fp/hard/libc_nano.a(libc_a-impure.o)
                0x20000030                _impure_data
                0x2000007c                        . = ALIGN (0x4)
                0x2000007c                        _edata = .
                0x08004acc                        _siccmram = LOADADDR (.ccmram)

.igot.plt       0x2000007c        0x0 load address 0x08004acc
 .igot.plt      0x2000007c        0x0 /usr/lib/gcc/arm-none-eabi/13.2.0/thumb/v7e-m+fp/hard/crtbegin.o

.ccmram         0x10000000        0x0 load address 0x08004acc
                0x10000000                        . = ALIGN (0x4)
                0x10000000                        _sccmram = .
 *(.ccmram)
 *(.ccmram*)
                0x10000000                        . = ALIGN (0x4)
                0x10000000                        _eccmram = .
                0x10000000                        . = ALIGN (0x4)

.bss            0x2000007c      0x940
                0x2000007c                        _sbss = .
                0x2000007c                        __bss_start__ = _sbss
 *(.bss)
 *(.bss*)
 .bss.completed.1
                0x2000007c        0x1 /usr/lib/gcc/arm-none-eabi/13.2.0/thumb/v7e-m+fp/hard/crtbegin.o
 *fill*         0x2000007d        0x3 
 .bss.object.0  0x20000080       0x18 /usr/lib/gcc/arm-none-eabi/13.2.0/thumb/v7e-m+fp/hard/crtbegin.o
 .bss.hspi1     0x20000098       0x58 build/main.o
                0x20000098                hspi1
 .bss.hi2s3     0x200000f0       0x48 build/main.o
                0x200000f0                hi2s3
 .bss.hi2c1     0x20000138       0x54 build/main.o
                0x20000138                hi2c1
 .bss.uwTick    0x2000018c        0x4 build/stm32f4xx_hal.o
                0x2000018c                uwTick
 .bss.Appli_state
                0x20000190        0x1 build/usb_host.o
                0x20000190                Appli_state
 *fill*         0x20000191        0x3 
 .bss.hUsbHostFS
                0x20000194      0x3d8 build/usb_host.o
                0x20000194                hUsbHostFS
 .bss.hhcd_USB_OTG_FS
                0x2000056c      0x304 build/usbh_conf.o
                0x2000056c                hhcd_USB_OTG_FS
 .bss.__malloc_sbrk_start
                0x20000870        0x4 /usr/lib/gcc/arm-none-eabi/13.2.0/../../../../arm-none-eabi/lib/thumb/v7e-m+fp/hard/libc_nano.a(libc_a-mallocr.o)
                0x20000870                __malloc_sbrk_start
 .bss.__malloc_free_list
                0x20000874        0x4 /usr/lib/gcc/arm-none-eabi/13.2.0/../../../../arm-none-eabi/lib/thumb/v7e-m+fp/hard/libc_nano.a(libc_a-mallocr.o)
                0x20000874                __malloc_free_list
 .bss.__sf      0x20000878      0x138 /usr/lib/gcc/arm-none-eabi/13.2.0/../../../../arm-none-eabi/lib/thumb/v7e-m+fp/hard/libc_nano.a(libc_a-findfp.o)
                0x20000878                __sf
 .bss.errno     0x200009b0        0x4 /usr/lib/gcc/arm-none-eabi/13.2.0/../../../../arm-none-eabi/lib/thumb/v7e-m+fp/hard/libc_nano.a(libc_a-reent.o)
                0x200009b0                errno
 .bss.__lock___malloc_recursive_mutex
                0x200009b4        0x1 /usr/lib/gcc/arm-none-eabi/13.2.0/../../../../arm-none-eabi/lib/thumb/v7e-m+fp/hard/libc_nano.a(libc_a-lock.o)
                0x200009b4                __lock___malloc_recursive_mutex
 *fill*         0x200009b5        0x3 
 .bss.heap_end.0
                0x200009b8        0x4 /usr/lib/gcc/arm-none-eabi/13.2.0/../../../../arm-none-eabi/lib/thumb/v7e-m+fp/hard/libnosys.a(sbrk.o)
 *(COMMON)
                0x200009bc                        . = ALIGN (0x4)
                0x200009bc                        _ebss = .
                0x200009bc                        __bss_end__ = _ebss

._user_heap_stack
                0x200009bc      0x604
                0x200009c0                        . = ALIGN (0x8)
 *fill*         0x200009bc        0x4 
                0x200009c0                        PROVIDE (end = .)
                [!provide]                        PROVIDE (_end = .)
                0x20000bc0                        . = (. + _Min_Heap_Size)
 *fill*         0x200009c0      0x200 
                0x20000fc0                        . = (. + _Min_Stack_Size)
 *fill*         0x20000bc0      0x400 
                0x20000fc0                        . = ALIGN (0x8)

/DISCARD/
 libc.a(*)
 libm.a(*)
 libgcc.a(*)

.ARM.attributes
                0x00000000       0x30
 *(.ARM.attributes)
 .ARM.attributes
                0x00000000       0x22 /usr/lib/gcc/arm-none-eabi/13.2.0/thumb/v7e-m+fp/hard/crti.o
 .ARM.attributes
                0x00000022       0x34 /usr/lib/gcc/arm-none-eabi/13.2.0/thumb/v7e-m+fp/hard/crtbegin.o
 .ARM.attributes
                0x00000056       0x34 build/main.o
 .ARM.attributes
                0x0000008a       0x34 build/stm32f4xx_hal_msp.o
 .ARM.attributes
                0x000000be       0x34 build/stm32f4xx_it.o
 .ARM.attributes
                0x000000f2       0x34 build/system_stm32f4xx.o
 .ARM.attributes
                0x00000126       0x34 build/stm32f4xx_hal.o
 .ARM.attributes
                0x0000015a       0x34 build/stm32f4xx_hal_cortex.o
 .ARM.attributes
                0x0000018e       0x34 build/stm32f4xx_hal_gpio.o
 .ARM.attributes
                0x000001c2       0x34 build/stm32f4xx_hal_hcd.o
 .ARM.attributes
                0x000001f6       0x34 build/stm32f4xx_hal_i2c.o
 .ARM.attributes
                0x0000022a       0x34 build/stm32f4xx_hal_i2s.o
 .ARM.attributes
                0x0000025e       0x34 build/stm32f4xx_hal_i2s_ex.o
 .ARM.attributes
                0x00000292       0x34 build/stm32f4xx_hal_rcc.o
 .ARM.attributes
                0x000002c6       0x34 build/stm32f4xx_hal_rcc_ex.o
 .ARM.attributes
                0x000002fa       0x34 build/stm32f4xx_hal_spi.o
 .ARM.attributes
                0x0000032e       0x34 build/stm32f4xx_ll_usb.o
 .ARM.attributes
                0x00000362       0x34 build/usbh_cdc.o
 .ARM.attributes
                0x00000396       0x34 build/usbh_core.o
 .ARM.attributes
                0x000003ca       0x34 build/usbh_ctlreq.o
 .ARM.attributes
                0x000003fe       0x34 build/usbh_ioreq.o
 .ARM.attributes
                0x00000432       0x34 build/usbh_pipes.o
 .ARM.attributes
                0x00000466       0x34 build/usb_host.o
 .ARM.attributes
                0x0000049a       0x34 build/usbh_conf.o
 .ARM.attributes
                0x000004ce       0x34 build/usbh_platform.o
 .ARM.attributes
                0x00000502       0x21 build/startup_stm32f407xx.o
 .ARM.attributes
                0x00000523       0x34 /usr/lib/gcc/arm-none-eabi/13.2.0/../../../../arm-none-eabi/lib/thumb/v7e-m+fp/hard/libc_nano.a(libc_a-malloc.o)
 .ARM.attributes
                0x00000557       0x34 /usr/lib/gcc/arm-none-eabi/13.2.0/../../../../arm-none-eabi/lib/thumb/v7e-m+fp/hard/libc_nano.a(libc_a-mallocr.o)
 .ARM.attributes
                0x0000058b       0x34 /usr/lib/gcc/arm-none-eabi/13.2.0/../../../../arm-none-eabi/lib/thumb/v7e-m+fp/hard/libc_nano.a(libc_a-mlock.o)
 .ARM.attributes
                0x000005bf       0x34 /usr/lib/gcc/arm-none-eabi/13.2.0/../../../../arm-none-eabi/lib/thumb/v7e-m+fp/hard/libc_nano.a(libc_a-findfp.o)
 .ARM.attributes
                0x000005f3       0x34 /usr/lib/gcc/arm-none-eabi/13.2.0/../../../../arm-none-eabi/lib/thumb/v7e-m+fp/hard/libc_nano.a(libc_a-memset.o)
 .ARM.attributes
                0x00000627       0x34 /usr/lib/gcc/arm-none-eabi/13.2.0/../../../../arm-none-eabi/lib/thumb/v7e-m+fp/hard/libc_nano.a(libc_a-reent.o)
 .ARM.attributes
                0x0000065b       0x34 /usr/lib/gcc/arm-none-eabi/13.2.0/../../../../arm-none-eabi/lib/thumb/v7e-m+fp/hard/libc_nano.a(libc_a-impure.o)
 .ARM.attributes
                0x0000068f       0x34 /usr/lib/gcc/arm-none-eabi/13.2.0/../../../../arm-none-eabi/lib/thumb/v7e-m+fp/hard/libc_nano.a(libc_a-sbrkr.o)
 .ARM.attributes
                0x000006c3       0x34 /usr/lib/gcc/arm-none-eabi/13.2.0/../../../../arm-none-eabi/lib/thumb/v7e-m+fp/hard/libc_nano.a(libc_a-init.o)
 .ARM.attributes
                0x000006f7       0x34 /usr/lib/gcc/arm-none-eabi/13.2.0/../../../../arm-none-eabi/lib/thumb/v7e-m+fp/hard/libc_nano.a(libc_a-lock.o)
 .ARM.attributes
                0x0000072b       0x34 /usr/lib/gcc/arm-none-eabi/13.2.0/../../../../arm-none-eabi/lib/thumb/v7e-m+fp/hard/libc_nano.a(libc_a-freer.o)
 .ARM.attributes
                0x0000075f       0x34 /usr/lib/gcc/arm-none-eabi/13.2.0/../../../../arm-none-eabi/lib/thumb/v7e-m+fp/hard/libnosys.a(sbrk.o)
 .ARM.attributes
                0x00000793       0x22 /usr/lib/gcc/arm-none-eabi/13.2.0/thumb/v7e-m+fp/hard/libgcc.a(_aeabi_uldivmod.o)
 .ARM.attributes
                0x000007b5       0x34 /usr/lib/gcc/arm-none-eabi/13.2.0/thumb/v7e-m+fp/hard/libgcc.a(_udivmoddi4.o)
 .ARM.attributes
                0x000007e9       0x22 /usr/lib/gcc/arm-none-eabi/13.2.0/thumb/v7e-m+fp/hard/libgcc.a(_dvmd_tls.o)
 .ARM.attributes
                0x0000080b       0x22 /usr/lib/gcc/arm-none-eabi/13.2.0/thumb/v7e-m+fp/hard/crtn.o
OUTPUT(build/HelloBoardMx.elf elf32-littlearm)
LOAD linker stubs
LOAD /usr/lib/gcc/arm-none-eabi/13.2.0/../../../../arm-none-eabi/lib/thumb/v7e-m+fp/hard/libc.a
LOAD /usr/lib/gcc/arm-none-eabi/13.2.0/../../../../arm-none-eabi/lib/thumb/v7e-m+fp/hard/libm.a
LOAD /usr/lib/gcc/arm-none-eabi/13.2.0/thumb/v7e-m+fp/hard/libgcc.a

.debug_info     0x00000000    0x1e464
 .debug_info    0x00000000     0x132f build/main.o
 .debug_info    0x0000132f     0x111d build/stm32f4xx_hal_msp.o
 .debug_info    0x0000244c      0x650 build/stm32f4xx_it.o
 .debug_info    0x00002a9c      0x527 build/system_stm32f4xx.o
 .debug_info    0x00002fc3      0x9e6 build/stm32f4xx_hal.o
 .debug_info    0x000039a9      0xfa9 build/stm32f4xx_hal_cortex.o
 .debug_info    0x00004952      0x704 build/stm32f4xx_hal_gpio.o
 .debug_info    0x00005056     0x14bb build/stm32f4xx_hal_hcd.o
 .debug_info    0x00006511     0x37c8 build/stm32f4xx_hal_i2c.o
 .debug_info    0x00009cd9     0x1148 build/stm32f4xx_hal_i2s.o
 .debug_info    0x0000ae21      0xdc1 build/stm32f4xx_hal_i2s_ex.o
 .debug_info    0x0000bbe2      0xa6f build/stm32f4xx_hal_rcc.o
 .debug_info    0x0000c651      0x655 build/stm32f4xx_hal_rcc_ex.o
 .debug_info    0x0000cca6     0x1dac build/stm32f4xx_hal_spi.o
 .debug_info    0x0000ea52     0x1deb build/stm32f4xx_ll_usb.o
 .debug_info    0x0001083d     0x18d7 build/usbh_cdc.o
 .debug_info    0x00012114     0x1556 build/usbh_core.o
 .debug_info    0x0001366a     0x13aa build/usbh_ctlreq.o
 .debug_info    0x00014a14      0xf57 build/usbh_ioreq.o
 .debug_info    0x0001596b      0xb57 build/usbh_pipes.o
 .debug_info    0x000164c2      0xa95 build/usb_host.o
 .debug_info    0x00016f57     0x2000 build/usbh_conf.o
 .debug_info    0x00018f57      0x1f6 build/usbh_platform.o
 .debug_info    0x0001914d       0x30 build/startup_stm32f407xx.o
 .debug_info    0x0001917d      0x794 /usr/lib/gcc/arm-none-eabi/13.2.0/../../../../arm-none-eabi/lib/thumb/v7e-m+fp/hard/libc_nano.a(libc_a-malloc.o)
 .debug_info    0x00019911      0x9b6 /usr/lib/gcc/arm-none-eabi/13.2.0/../../../../arm-none-eabi/lib/thumb/v7e-m+fp/hard/libc_nano.a(libc_a-mallocr.o)
 .debug_info    0x0001a2c7      0x76b /usr/lib/gcc/arm-none-eabi/13.2.0/../../../../arm-none-eabi/lib/thumb/v7e-m+fp/hard/libc_nano.a(libc_a-mlock.o)
 .debug_info    0x0001aa32      0xfa9 /usr/lib/gcc/arm-none-eabi/13.2.0/../../../../arm-none-eabi/lib/thumb/v7e-m+fp/hard/libc_nano.a(libc_a-findfp.o)
 .debug_info    0x0001b9db       0xe0 /usr/lib/gcc/arm-none-eabi/13.2.0/../../../../arm-none-eabi/lib/thumb/v7e-m+fp/hard/libc_nano.a(libc_a-memset.o)
 .debug_info    0x0001babb      0x855 /usr/lib/gcc/arm-none-eabi/13.2.0/../../../../arm-none-eabi/lib/thumb/v7e-m+fp/hard/libc_nano.a(libc_a-reent.o)
 .debug_info    0x0001c310      0x715 /usr/lib/gcc/arm-none-eabi/13.2.0/../../../../arm-none-eabi/lib/thumb/v7e-m+fp/hard/libc_nano.a(libc_a-impure.o)
 .debug_info    0x0001ca25      0x77c /usr/lib/gcc/arm-none-eabi/13.2.0/../../../../arm-none-eabi/lib/thumb/v7e-m+fp/hard/libc_nano.a(libc_a-sbrkr.o)
 .debug_info    0x0001d1a1      0x10b /usr/lib/gcc/arm-none-eabi/13.2.0/../../../../arm-none-eabi/lib/thumb/v7e-m+fp/hard/libc_nano.a(libc_a-init.o)
 .debug_info    0x0001d2ac      0x20a /usr/lib/gcc/arm-none-eabi/13.2.0/../../../../arm-none-eabi/lib/thumb/v7e-m+fp/hard/libc_nano.a(libc_a-lock.o)
 .debug_info    0x0001d4b6      0x84b /usr/lib/gcc/arm-none-eabi/13.2.0/../../../../arm-none-eabi/lib/thumb/v7e-m+fp/hard/libc_nano.a(libc_a-freer.o)
 .debug_info    0x0001dd01       0x24 /usr/lib/gcc/arm-none-eabi/13.2.0/thumb/v7e-m+fp/hard/libgcc.a(_aeabi_uldivmod.o)
 .debug_info    0x0001dd25      0x703 /usr/lib/gcc/arm-none-eabi/13.2.0/thumb/v7e-m+fp/hard/libgcc.a(_udivmoddi4.o)
 .debug_info    0x0001e428       0x3c /usr/lib/gcc/arm-none-eabi/13.2.0/thumb/v7e-m+fp/hard/libgcc.a(_dvmd_tls.o)

.debug_abbrev   0x00000000     0x5070
 .debug_abbrev  0x00000000      0x29f build/main.o
 .debug_abbrev  0x0000029f      0x23f build/stm32f4xx_hal_msp.o
 .debug_abbrev  0x000004de      0x1ad build/stm32f4xx_it.o
 .debug_abbrev  0x0000068b      0x11e build/system_stm32f4xx.o
 .debug_abbrev  0x000007a9      0x23f build/stm32f4xx_hal.o
 .debug_abbrev  0x000009e8      0x39b build/stm32f4xx_hal_cortex.o
 .debug_abbrev  0x00000d83      0x202 build/stm32f4xx_hal_gpio.o
 .debug_abbrev  0x00000f85      0x2c4 build/stm32f4xx_hal_hcd.o
 .debug_abbrev  0x00001249      0x2c3 build/stm32f4xx_hal_i2c.o
 .debug_abbrev  0x0000150c      0x273 build/stm32f4xx_hal_i2s.o
 .debug_abbrev  0x0000177f      0x2a8 build/stm32f4xx_hal_i2s_ex.o
 .debug_abbrev  0x00001a27      0x2c6 build/stm32f4xx_hal_rcc.o
 .debug_abbrev  0x00001ced      0x1c3 build/stm32f4xx_hal_rcc_ex.o
 .debug_abbrev  0x00001eb0      0x27c build/stm32f4xx_hal_spi.o
 .debug_abbrev  0x0000212c      0x322 build/stm32f4xx_ll_usb.o
 .debug_abbrev  0x0000244e      0x35e build/usbh_cdc.o
 .debug_abbrev  0x000027ac      0x34e build/usbh_core.o
 .debug_abbrev  0x00002afa      0x336 build/usbh_ctlreq.o
 .debug_abbrev  0x00002e30      0x25b build/usbh_ioreq.o
 .debug_abbrev  0x0000308b      0x2a2 build/usbh_pipes.o
 .debug_abbrev  0x0000332d      0x2ab build/usb_host.o
 .debug_abbrev  0x000035d8      0x3e8 build/usbh_conf.o
 .debug_abbrev  0x000039c0      0x12a build/usbh_platform.o
 .debug_abbrev  0x00003aea       0x24 build/startup_stm32f407xx.o
 .debug_abbrev  0x00003b0e      0x1cf /usr/lib/gcc/arm-none-eabi/13.2.0/../../../../arm-none-eabi/lib/thumb/v7e-m+fp/hard/libc_nano.a(libc_a-malloc.o)
 .debug_abbrev  0x00003cdd      0x24a /usr/lib/gcc/arm-none-eabi/13.2.0/../../../../arm-none-eabi/lib/thumb/v7e-m+fp/hard/libc_nano.a(libc_a-mallocr.o)
 .debug_abbrev  0x00003f27      0x1bf /usr/lib/gcc/arm-none-eabi/13.2.0/../../../../arm-none-eabi/lib/thumb/v7e-m+fp/hard/libc_nano.a(libc_a-mlock.o)
 .debug_abbrev  0x000040e6      0x424 /usr/lib/gcc/arm-none-eabi/13.2.0/../../../../arm-none-eabi/lib/thumb/v7e-m+fp/hard/libc_nano.a(libc_a-findfp.o)
 .debug_abbrev  0x0000450a       0x9e /usr/lib/gcc/arm-none-eabi/13.2.0/../../../../arm-none-eabi/lib/thumb/v7e-m+fp/hard/libc_nano.a(libc_a-memset.o)
 .debug_abbrev  0x000045a8      0x1ed /usr/lib/gcc/arm-none-eabi/13.2.0/../../../../arm-none-eabi/lib/thumb/v7e-m+fp/hard/libc_nano.a(libc_a-reent.o)
 .debug_abbrev  0x00004795      0x149 /usr/lib/gcc/arm-none-eabi/13.2.0/../../../../arm-none-eabi/lib/thumb/v7e-m+fp/hard/libc_nano.a(libc_a-impure.o)
 .debug_abbrev  0x000048de      0x1da /usr/lib/gcc/arm-none-eabi/13.2.0/../../../../arm-none-eabi/lib/thumb/v7e-m+fp/hard/libc_nano.a(libc_a-sbrkr.o)
 .debug_abbrev  0x00004ab8       0xc9 /usr/lib/gcc/arm-none-eabi/13.2.0/../../../../arm-none-eabi/lib/thumb/v7e-m+fp/hard/libc_nano.a(libc_a-init.o)
 .debug_abbrev  0x00004b81      0x115 /usr/lib/gcc/arm-none-eabi/13.2.0/../../../../arm-none-eabi/lib/thumb/v7e-m+fp/hard/libc_nano.a(libc_a-lock.o)
 .debug_abbrev  0x00004c96      0x236 /usr/lib/gcc/arm-none-eabi/13.2.0/../../../../arm-none-eabi/lib/thumb/v7e-m+fp/hard/libc_nano.a(libc_a-freer.o)
 .debug_abbrev  0x00004ecc       0x14 /usr/lib/gcc/arm-none-eabi/13.2.0/thumb/v7e-m+fp/hard/libgcc.a(_aeabi_uldivmod.o)
 .debug_abbrev  0x00004ee0      0x16a /usr/lib/gcc/arm-none-eabi/13.2.0/thumb/v7e-m+fp/hard/libgcc.a(_udivmoddi4.o)
 .debug_abbrev  0x0000504a       0x26 /usr/lib/gcc/arm-none-eabi/13.2.0/thumb/v7e-m+fp/hard/libgcc.a(_dvmd_tls.o)

.debug_aranges  0x00000000     0x1320
 .debug_aranges
                0x00000000       0x50 build/main.o
 .debug_aranges
                0x00000050       0x50 build/stm32f4xx_hal_msp.o
 .debug_aranges
                0x000000a0       0x68 build/stm32f4xx_it.o
 .debug_aranges
                0x00000108       0x28 build/system_stm32f4xx.o
 .debug_aranges
                0x00000130       0xf0 build/stm32f4xx_hal.o
 .debug_aranges
                0x00000220       0xd8 build/stm32f4xx_hal_cortex.o
 .debug_aranges
                0x000002f8       0x58 build/stm32f4xx_hal_gpio.o
 .debug_aranges
                0x00000350       0xf8 build/stm32f4xx_hal_hcd.o
 .debug_aranges
                0x00000448      0x2a0 build/stm32f4xx_hal_i2c.o
 .debug_aranges
                0x000006e8      0x108 build/stm32f4xx_hal_i2s.o
 .debug_aranges
                0x000007f0       0x88 build/stm32f4xx_hal_i2s_ex.o
 .debug_aranges
                0x00000878       0x88 build/stm32f4xx_hal_rcc.o
 .debug_aranges
                0x00000900       0x48 build/stm32f4xx_hal_rcc_ex.o
 .debug_aranges
                0x00000948      0x1d0 build/stm32f4xx_hal_spi.o
 .debug_aranges
                0x00000b18      0x1a0 build/stm32f4xx_ll_usb.o
 .debug_aranges
                0x00000cb8       0xa8 build/usbh_cdc.o
 .debug_aranges
                0x00000d60       0xc0 build/usbh_core.o
 .debug_aranges
                0x00000e20       0xa0 build/usbh_ctlreq.o
 .debug_aranges
                0x00000ec0       0x60 build/usbh_ioreq.o
 .debug_aranges
                0x00000f20       0x40 build/usbh_pipes.o
 .debug_aranges
                0x00000f60       0x30 build/usb_host.o
 .debug_aranges
                0x00000f90       0xd8 build/usbh_conf.o
 .debug_aranges
                0x00001068       0x20 build/usbh_platform.o
 .debug_aranges
                0x00001088       0x28 build/startup_stm32f407xx.o
 .debug_aranges
                0x000010b0       0x28 /usr/lib/gcc/arm-none-eabi/13.2.0/../../../../arm-none-eabi/lib/thumb/v7e-m+fp/hard/libc_nano.a(libc_a-malloc.o)
 .debug_aranges
                0x000010d8       0x28 /usr/lib/gcc/arm-none-eabi/13.2.0/../../../../arm-none-eabi/lib/thumb/v7e-m+fp/hard/libc_nano.a(libc_a-mallocr.o)
 .debug_aranges
                0x00001100       0x28 /usr/lib/gcc/arm-none-eabi/13.2.0/../../../../arm-none-eabi/lib/thumb/v7e-m+fp/hard/libc_nano.a(libc_a-mlock.o)
 .debug_aranges
                0x00001128       0x78 /usr/lib/gcc/arm-none-eabi/13.2.0/../../../../arm-none-eabi/lib/thumb/v7e-m+fp/hard/libc_nano.a(libc_a-findfp.o)
 .debug_aranges
                0x000011a0       0x20 /usr/lib/gcc/arm-none-eabi/13.2.0/../../../../arm-none-eabi/lib/thumb/v7e-m+fp/hard/libc_nano.a(libc_a-memset.o)
 .debug_aranges
                0x000011c0       0x20 /usr/lib/gcc/arm-none-eabi/13.2.0/../../../../arm-none-eabi/lib/thumb/v7e-m+fp/hard/libc_nano.a(libc_a-reent.o)
 .debug_aranges
                0x000011e0       0x18 /usr/lib/gcc/arm-none-eabi/13.2.0/../../../../arm-none-eabi/lib/thumb/v7e-m+fp/hard/libc_nano.a(libc_a-impure.o)
 .debug_aranges
                0x000011f8       0x20 /usr/lib/gcc/arm-none-eabi/13.2.0/../../../../arm-none-eabi/lib/thumb/v7e-m+fp/hard/libc_nano.a(libc_a-sbrkr.o)
 .debug_aranges
                0x00001218       0x20 /usr/lib/gcc/arm-none-eabi/13.2.0/../../../../arm-none-eabi/lib/thumb/v7e-m+fp/hard/libc_nano.a(libc_a-init.o)
 .debug_aranges
                0x00001238       0x68 /usr/lib/gcc/arm-none-eabi/13.2.0/../../../../arm-none-eabi/lib/thumb/v7e-m+fp/hard/libc_nano.a(libc_a-lock.o)
 .debug_aranges
                0x000012a0       0x20 /usr/lib/gcc/arm-none-eabi/13.2.0/../../../../arm-none-eabi/lib/thumb/v7e-m+fp/hard/libc_nano.a(libc_a-freer.o)
 .debug_aranges
                0x000012c0       0x20 /usr/lib/gcc/arm-none-eabi/13.2.0/thumb/v7e-m+fp/hard/libgcc.a(_aeabi_uldivmod.o)
 .debug_aranges
                0x000012e0       0x20 /usr/lib/gcc/arm-none-eabi/13.2.0/thumb/v7e-m+fp/hard/libgcc.a(_udivmoddi4.o)
 .debug_aranges
                0x00001300       0x20 /usr/lib/gcc/arm-none-eabi/13.2.0/thumb/v7e-m+fp/hard/libgcc.a(_dvmd_tls.o)

.debug_rnglists
                0x00000000      0xee6
 .debug_rnglists
                0x00000000       0x39 build/main.o
 .debug_rnglists
                0x00000039       0x38 build/stm32f4xx_hal_msp.o
 .debug_rnglists
                0x00000071       0x49 build/stm32f4xx_it.o
 .debug_rnglists
                0x000000ba       0x1a build/system_stm32f4xx.o
 .debug_rnglists
                0x000000d4       0xaf build/stm32f4xx_hal.o
 .debug_rnglists
                0x00000183       0x9d build/stm32f4xx_hal_cortex.o
 .debug_rnglists
                0x00000220       0x3f build/stm32f4xx_hal_gpio.o
 .debug_rnglists
                0x0000025f       0xbd build/stm32f4xx_hal_hcd.o
 .debug_rnglists
                0x0000031c      0x22f build/stm32f4xx_hal_i2c.o
 .debug_rnglists
                0x0000054b       0xe4 build/stm32f4xx_hal_i2s.o
 .debug_rnglists
                0x0000062f       0x72 build/stm32f4xx_hal_i2s_ex.o
 .debug_rnglists
                0x000006a1       0x75 build/stm32f4xx_hal_rcc.o
 .debug_rnglists
                0x00000716       0x33 build/stm32f4xx_hal_rcc_ex.o
 .debug_rnglists
                0x00000749      0x169 build/stm32f4xx_hal_spi.o
 .debug_rnglists
                0x000008b2      0x142 build/stm32f4xx_ll_usb.o
 .debug_rnglists
                0x000009f4       0x7c build/usbh_cdc.o
 .debug_rnglists
                0x00000a70       0x8d build/usbh_core.o
 .debug_rnglists
                0x00000afd       0x77 build/usbh_ctlreq.o
 .debug_rnglists
                0x00000b74       0x43 build/usbh_ioreq.o
 .debug_rnglists
                0x00000bb7       0x2b build/usbh_pipes.o
 .debug_rnglists
                0x00000be2       0x1f build/usb_host.o
 .debug_rnglists
                0x00000c01       0x9e build/usbh_conf.o
 .debug_rnglists
                0x00000c9f       0x13 build/usbh_platform.o
 .debug_rnglists
                0x00000cb2       0x19 build/startup_stm32f407xx.o
 .debug_rnglists
                0x00000ccb       0x19 /usr/lib/gcc/arm-none-eabi/13.2.0/../../../../arm-none-eabi/lib/thumb/v7e-m+fp/hard/libc_nano.a(libc_a-malloc.o)
 .debug_rnglists
                0x00000ce4       0x29 /usr/lib/gcc/arm-none-eabi/13.2.0/../../../../arm-none-eabi/lib/thumb/v7e-m+fp/hard/libc_nano.a(libc_a-mallocr.o)
 .debug_rnglists
                0x00000d0d       0x19 /usr/lib/gcc/arm-none-eabi/13.2.0/../../../../arm-none-eabi/lib/thumb/v7e-m+fp/hard/libc_nano.a(libc_a-mlock.o)
 .debug_rnglists
                0x00000d26       0x7a /usr/lib/gcc/arm-none-eabi/13.2.0/../../../../arm-none-eabi/lib/thumb/v7e-m+fp/hard/libc_nano.a(libc_a-findfp.o)
 .debug_rnglists
                0x00000da0       0x13 /usr/lib/gcc/arm-none-eabi/13.2.0/../../../../arm-none-eabi/lib/thumb/v7e-m+fp/hard/libc_nano.a(libc_a-memset.o)
 .debug_rnglists
                0x00000db3       0x30 /usr/lib/gcc/arm-none-eabi/13.2.0/../../../../arm-none-eabi/lib/thumb/v7e-m+fp/hard/libc_nano.a(libc_a-reent.o)
 .debug_rnglists
                0x00000de3       0x13 /usr/lib/gcc/arm-none-eabi/13.2.0/../../../../arm-none-eabi/lib/thumb/v7e-m+fp/hard/libc_nano.a(libc_a-sbrkr.o)
 .debug_rnglists
                0x00000df6       0x13 /usr/lib/gcc/arm-none-eabi/13.2.0/../../../../arm-none-eabi/lib/thumb/v7e-m+fp/hard/libc_nano.a(libc_a-init.o)
 .debug_rnglists
                0x00000e09       0x49 /usr/lib/gcc/arm-none-eabi/13.2.0/../../../../arm-none-eabi/lib/thumb/v7e-m+fp/hard/libc_nano.a(libc_a-lock.o)
 .debug_rnglists
                0x00000e52       0x14 /usr/lib/gcc/arm-none-eabi/13.2.0/../../../../arm-none-eabi/lib/thumb/v7e-m+fp/hard/libc_nano.a(libc_a-freer.o)
 .debug_rnglists
                0x00000e66       0x13 /usr/lib/gcc/arm-none-eabi/13.2.0/../../../../arm-none-eabi/lib/thumb/v7e-m+fp/hard/libnosys.a(sbrk.o)
 .debug_rnglists
                0x00000e79       0x6d /usr/lib/gcc/arm-none-eabi/13.2.0/thumb/v7e-m+fp/hard/libgcc.a(_udivmoddi4.o)

.debug_line     0x00000000    0x14a9e
 .debug_line    0x00000000      0x5ec build/main.o
 .debug_line    0x000005ec      0x418 build/stm32f4xx_hal_msp.o
 .debug_line    0x00000a04      0x236 build/stm32f4xx_it.o
 .debug_line    0x00000c3a      0x1f6 build/system_stm32f4xx.o
 .debug_line    0x00000e30      0x50f build/stm32f4xx_hal.o
 .debug_line    0x0000133f      0x790 build/stm32f4xx_hal_cortex.o
 .debug_line    0x00001acf      0x69d build/stm32f4xx_hal_gpio.o
 .debug_line    0x0000216c      0xf7e build/stm32f4xx_hal_hcd.o
 .debug_line    0x000030ea     0x530c build/stm32f4xx_hal_i2c.o
 .debug_line    0x000083f6     0x13d7 build/stm32f4xx_hal_i2s.o
 .debug_line    0x000097cd      0xfbc build/stm32f4xx_hal_i2s_ex.o
 .debug_line    0x0000a789      0xb2d build/stm32f4xx_hal_rcc.o
 .debug_line    0x0000b2b6      0x5ea build/stm32f4xx_hal_rcc_ex.o
 .debug_line    0x0000b8a0     0x23f4 build/stm32f4xx_hal_spi.o
 .debug_line    0x0000dc94     0x1dce build/stm32f4xx_ll_usb.o
 .debug_line    0x0000fa62      0x9d8 build/usbh_cdc.o
 .debug_line    0x0001043a      0xd72 build/usbh_core.o
 .debug_line    0x000111ac      0xbfc build/usbh_ctlreq.o
 .debug_line    0x00011da8      0x281 build/usbh_ioreq.o
 .debug_line    0x00012029      0x20b build/usbh_pipes.o
 .debug_line    0x00012234      0x1e4 build/usb_host.o
 .debug_line    0x00012418      0x694 build/usbh_conf.o
 .debug_line    0x00012aac      0x13f build/usbh_platform.o
 .debug_line    0x00012beb       0x76 build/startup_stm32f407xx.o
 .debug_line    0x00012c61      0x19e /usr/lib/gcc/arm-none-eabi/13.2.0/../../../../arm-none-eabi/lib/thumb/v7e-m+fp/hard/libc_nano.a(libc_a-malloc.o)
 .debug_line    0x00012dff      0x47a /usr/lib/gcc/arm-none-eabi/13.2.0/../../../../arm-none-eabi/lib/thumb/v7e-m+fp/hard/libc_nano.a(libc_a-mallocr.o)
 .debug_line    0x00013279      0x18a /usr/lib/gcc/arm-none-eabi/13.2.0/../../../../arm-none-eabi/lib/thumb/v7e-m+fp/hard/libc_nano.a(libc_a-mlock.o)
 .debug_line    0x00013403      0x533 /usr/lib/gcc/arm-none-eabi/13.2.0/../../../../arm-none-eabi/lib/thumb/v7e-m+fp/hard/libc_nano.a(libc_a-findfp.o)
 .debug_line    0x00013936      0x123 /usr/lib/gcc/arm-none-eabi/13.2.0/../../../../arm-none-eabi/lib/thumb/v7e-m+fp/hard/libc_nano.a(libc_a-memset.o)
 .debug_line    0x00013a59      0x274 /usr/lib/gcc/arm-none-eabi/13.2.0/../../../../arm-none-eabi/lib/thumb/v7e-m+fp/hard/libc_nano.a(libc_a-reent.o)
 .debug_line    0x00013ccd      0x108 /usr/lib/gcc/arm-none-eabi/13.2.0/../../../../arm-none-eabi/lib/thumb/v7e-m+fp/hard/libc_nano.a(libc_a-impure.o)
 .debug_line    0x00013dd5      0x1b8 /usr/lib/gcc/arm-none-eabi/13.2.0/../../../../arm-none-eabi/lib/thumb/v7e-m+fp/hard/libc_nano.a(libc_a-sbrkr.o)
 .debug_line    0x00013f8d      0x135 /usr/lib/gcc/arm-none-eabi/13.2.0/../../../../arm-none-eabi/lib/thumb/v7e-m+fp/hard/libc_nano.a(libc_a-init.o)
 .debug_line    0x000140c2      0x17d /usr/lib/gcc/arm-none-eabi/13.2.0/../../../../arm-none-eabi/lib/thumb/v7e-m+fp/hard/libc_nano.a(libc_a-lock.o)
 .debug_line    0x0001423f      0x2b2 /usr/lib/gcc/arm-none-eabi/13.2.0/../../../../arm-none-eabi/lib/thumb/v7e-m+fp/hard/libc_nano.a(libc_a-freer.o)
 .debug_line    0x000144f1       0x4e /usr/lib/gcc/arm-none-eabi/13.2.0/thumb/v7e-m+fp/hard/libgcc.a(_aeabi_uldivmod.o)
 .debug_line    0x0001453f      0x515 /usr/lib/gcc/arm-none-eabi/13.2.0/thumb/v7e-m+fp/hard/libgcc.a(_udivmoddi4.o)
 .debug_line    0x00014a54       0x4a /usr/lib/gcc/arm-none-eabi/13.2.0/thumb/v7e-m+fp/hard/libgcc.a(_dvmd_tls.o)

.debug_str      0x00000000     0x6809
 .debug_str     0x00000000     0x6809 build/main.o
                                0xd9f (size before relaxing)
 .debug_str     0x00006809      0xca0 build/stm32f4xx_hal_msp.o
 .debug_str     0x00006809      0x67a build/stm32f4xx_it.o
 .debug_str     0x00006809      0x356 build/system_stm32f4xx.o
 .debug_str     0x00006809      0xb45 build/stm32f4xx_hal.o
 .debug_str     0x00006809      0xc0d build/stm32f4xx_hal_cortex.o
 .debug_str     0x00006809      0x4c1 build/stm32f4xx_hal_gpio.o
 .debug_str     0x00006809      0xb33 build/stm32f4xx_hal_hcd.o
 .debug_str     0x00006809     0x1011 build/stm32f4xx_hal_i2c.o
 .debug_str     0x00006809      0x931 build/stm32f4xx_hal_i2s.o
 .debug_str     0x00006809      0x852 build/stm32f4xx_hal_i2s_ex.o
 .debug_str     0x00006809      0x6e7 build/stm32f4xx_hal_rcc.o
 .debug_str     0x00006809      0x4a8 build/stm32f4xx_hal_rcc_ex.o
 .debug_str     0x00006809      0xbdb build/stm32f4xx_hal_spi.o
 .debug_str     0x00006809      0xc80 build/stm32f4xx_ll_usb.o
 .debug_str     0x00006809     0x114e build/usbh_cdc.o
 .debug_str     0x00006809      0xcdd build/usbh_core.o
 .debug_str     0x00006809      0xccf build/usbh_ctlreq.o
 .debug_str     0x00006809      0xad4 build/usbh_ioreq.o
 .debug_str     0x00006809      0xa6a build/usbh_pipes.o
 .debug_str     0x00006809      0xaa1 build/usb_host.o
 .debug_str     0x00006809     0x1936 build/usbh_conf.o
 .debug_str     0x00006809      0x23f build/usbh_platform.o
 .debug_str     0x00006809       0x66 build/startup_stm32f407xx.o
 .debug_str     0x00006809      0x504 /usr/lib/gcc/arm-none-eabi/13.2.0/../../../../arm-none-eabi/lib/thumb/v7e-m+fp/hard/libc_nano.a(libc_a-malloc.o)
 .debug_str     0x00006809      0x5c0 /usr/lib/gcc/arm-none-eabi/13.2.0/../../../../arm-none-eabi/lib/thumb/v7e-m+fp/hard/libc_nano.a(libc_a-mallocr.o)
 .debug_str     0x00006809      0x561 /usr/lib/gcc/arm-none-eabi/13.2.0/../../../../arm-none-eabi/lib/thumb/v7e-m+fp/hard/libc_nano.a(libc_a-mlock.o)
 .debug_str     0x00006809      0x762 /usr/lib/gcc/arm-none-eabi/13.2.0/../../../../arm-none-eabi/lib/thumb/v7e-m+fp/hard/libc_nano.a(libc_a-findfp.o)
 .debug_str     0x00006809      0x1bf /usr/lib/gcc/arm-none-eabi/13.2.0/../../../../arm-none-eabi/lib/thumb/v7e-m+fp/hard/libc_nano.a(libc_a-memset.o)
 .debug_str     0x00006809      0x4fe /usr/lib/gcc/arm-none-eabi/13.2.0/../../../../arm-none-eabi/lib/thumb/v7e-m+fp/hard/libc_nano.a(libc_a-reent.o)
 .debug_str     0x00006809      0x4df /usr/lib/gcc/arm-none-eabi/13.2.0/../../../../arm-none-eabi/lib/thumb/v7e-m+fp/hard/libc_nano.a(libc_a-impure.o)
 .debug_str     0x00006809      0x4e8 /usr/lib/gcc/arm-none-eabi/13.2.0/../../../../arm-none-eabi/lib/thumb/v7e-m+fp/hard/libc_nano.a(libc_a-sbrkr.o)
 .debug_str     0x00006809      0x220 /usr/lib/gcc/arm-none-eabi/13.2.0/../../../../arm-none-eabi/lib/thumb/v7e-m+fp/hard/libc_nano.a(libc_a-init.o)
 .debug_str     0x00006809      0x332 /usr/lib/gcc/arm-none-eabi/13.2.0/../../../../arm-none-eabi/lib/thumb/v7e-m+fp/hard/libc_nano.a(libc_a-lock.o)
 .debug_str     0x00006809      0x55f /usr/lib/gcc/arm-none-eabi/13.2.0/../../../../arm-none-eabi/lib/thumb/v7e-m+fp/hard/libc_nano.a(libc_a-freer.o)
 .debug_str     0x00006809       0x9e /usr/lib/gcc/arm-none-eabi/13.2.0/thumb/v7e-m+fp/hard/libgcc.a(_aeabi_uldivmod.o)
 .debug_str     0x00006809      0x6b6 /usr/lib/gcc/arm-none-eabi/13.2.0/thumb/v7e-m+fp/hard/libgcc.a(_udivmoddi4.o)
 .debug_str     0x00006809       0xbe /usr/lib/gcc/arm-none-eabi/13.2.0/thumb/v7e-m+fp/hard/libgcc.a(_dvmd_tls.o)

.comment        0x00000000       0x3c
 .comment       0x00000000       0x3c build/main.o
                                 0x1f (size before relaxing)
 .comment       0x0000003c       0x1f build/stm32f4xx_hal_msp.o
 .comment       0x0000003c       0x1f build/stm32f4xx_it.o
 .comment       0x0000003c       0x1f build/system_stm32f4xx.o
 .comment       0x0000003c       0x1f build/stm32f4xx_hal.o
 .comment       0x0000003c       0x1f build/stm32f4xx_hal_cortex.o
 .comment       0x0000003c       0x1f build/stm32f4xx_hal_gpio.o
 .comment       0x0000003c       0x1f build/stm32f4xx_hal_hcd.o
 .comment       0x0000003c       0x1f build/stm32f4xx_hal_i2c.o
 .comment       0x0000003c       0x1f build/stm32f4xx_hal_i2s.o
 .comment       0x0000003c       0x1f build/stm32f4xx_hal_i2s_ex.o
 .comment       0x0000003c       0x1f build/stm32f4xx_hal_rcc.o
 .comment       0x0000003c       0x1f build/stm32f4xx_hal_rcc_ex.o
 .comment       0x0000003c       0x1f build/stm32f4xx_hal_spi.o
 .comment       0x0000003c       0x1f build/stm32f4xx_ll_usb.o
 .comment       0x0000003c       0x1f build/usbh_cdc.o
 .comment       0x0000003c       0x1f build/usbh_core.o
 .comment       0x0000003c       0x1f build/usbh_ctlreq.o
 .comment       0x0000003c       0x1f build/usbh_ioreq.o
 .comment       0x0000003c       0x1f build/usbh_pipes.o
 .comment       0x0000003c       0x1f build/usb_host.o
 .comment       0x0000003c       0x1f build/usbh_conf.o
 .comment       0x0000003c       0x1f build/usbh_platform.o
 .comment       0x0000003c       0x1f /usr/lib/gcc/arm-none-eabi/13.2.0/../../../../arm-none-eabi/lib/thumb/v7e-m+fp/hard/libc_nano.a(libc_a-malloc.o)
 .comment       0x0000003c       0x1f /usr/lib/gcc/arm-none-eabi/13.2.0/../../../../arm-none-eabi/lib/thumb/v7e-m+fp/hard/libc_nano.a(libc_a-mallocr.o)
 .comment       0x0000003c       0x1f /usr/lib/gcc/arm-none-eabi/13.2.0/../../../../arm-none-eabi/lib/thumb/v7e-m+fp/hard/libc_nano.a(libc_a-mlock.o)
 .comment       0x0000003c       0x1f /usr/lib/gcc/arm-none-eabi/13.2.0/../../../../arm-none-eabi/lib/thumb/v7e-m+fp/hard/libc_nano.a(libc_a-findfp.o)
 .comment       0x0000003c       0x1f /usr/lib/gcc/arm-none-eabi/13.2.0/../../../../arm-none-eabi/lib/thumb/v7e-m+fp/hard/libc_nano.a(libc_a-memset.o)
 .comment       0x0000003c       0x1f /usr/lib/gcc/arm-none-eabi/13.2.0/../../../../arm-none-eabi/lib/thumb/v7e-m+fp/hard/libc_nano.a(libc_a-reent.o)
 .comment       0x0000003c       0x1f /usr/lib/gcc/arm-none-eabi/13.2.0/../../../../arm-none-eabi/lib/thumb/v7e-m+fp/hard/libc_nano.a(libc_a-impure.o)
 .comment       0x0000003c       0x1f /usr/lib/gcc/arm-none-eabi/13.2.0/../../../../arm-none-eabi/lib/thumb/v7e-m+fp/hard/libc_nano.a(libc_a-sbrkr.o)
 .comment       0x0000003c       0x1f /usr/lib/gcc/arm-none-eabi/13.2.0/../../../../arm-none-eabi/lib/thumb/v7e-m+fp/hard/libc_nano.a(libc_a-init.o)
 .comment       0x0000003c       0x1f /usr/lib/gcc/arm-none-eabi/13.2.0/../../../../arm-none-eabi/lib/thumb/v7e-m+fp/hard/libc_nano.a(libc_a-lock.o)
 .comment       0x0000003c       0x1f /usr/lib/gcc/arm-none-eabi/13.2.0/../../../../arm-none-eabi/lib/thumb/v7e-m+fp/hard/libc_nano.a(libc_a-freer.o)
 .comment       0x0000003c       0x1f /usr/lib/gcc/arm-none-eabi/13.2.0/thumb/v7e-m+fp/hard/libgcc.a(_udivmoddi4.o)

.debug_frame    0x00000000     0x3230
 .debug_frame   0x00000000       0xcc build/main.o
 .debug_frame   0x000000cc       0xdc build/stm32f4xx_hal_msp.o
 .debug_frame   0x000001a8       0xc0 build/stm32f4xx_it.o
 .debug_frame   0x00000268       0x30 build/system_stm32f4xx.o
 .debug_frame   0x00000298      0x1ec build/stm32f4xx_hal.o
 .debug_frame   0x00000484      0x1cc build/stm32f4xx_hal_cortex.o
 .debug_frame   0x00000650       0xd8 build/stm32f4xx_hal_gpio.o
 .debug_frame   0x00000728      0x2a8 build/stm32f4xx_hal_hcd.o
 .debug_frame   0x000009d0      0x970 build/stm32f4xx_hal_i2c.o
 .debug_frame   0x00001340      0x324 build/stm32f4xx_hal_i2s.o
 .debug_frame   0x00001664      0x184 build/stm32f4xx_hal_i2s_ex.o
 .debug_frame   0x000017e8      0x16c build/stm32f4xx_hal_rcc.o
 .debug_frame   0x00001954       0xa4 build/stm32f4xx_hal_rcc_ex.o
 .debug_frame   0x000019f8      0x5a4 build/stm32f4xx_hal_spi.o
 .debug_frame   0x00001f9c      0x49c build/stm32f4xx_ll_usb.o
 .debug_frame   0x00002438      0x1b0 build/usbh_cdc.o
 .debug_frame   0x000025e8      0x1e8 build/usbh_core.o
 .debug_frame   0x000027d0      0x1e0 build/usbh_ctlreq.o
 .debug_frame   0x000029b0      0x130 build/usbh_ioreq.o
 .debug_frame   0x00002ae0       0x84 build/usbh_pipes.o
 .debug_frame   0x00002b64       0x50 build/usb_host.o
 .debug_frame   0x00002bb4      0x24c build/usbh_conf.o
 .debug_frame   0x00002e00       0x28 build/usbh_platform.o
 .debug_frame   0x00002e28       0x30 /usr/lib/gcc/arm-none-eabi/13.2.0/../../../../arm-none-eabi/lib/thumb/v7e-m+fp/hard/libc_nano.a(libc_a-malloc.o)
 .debug_frame   0x00002e58       0x4c /usr/lib/gcc/arm-none-eabi/13.2.0/../../../../arm-none-eabi/lib/thumb/v7e-m+fp/hard/libc_nano.a(libc_a-mallocr.o)
 .debug_frame   0x00002ea4       0x30 /usr/lib/gcc/arm-none-eabi/13.2.0/../../../../arm-none-eabi/lib/thumb/v7e-m+fp/hard/libc_nano.a(libc_a-mlock.o)
 .debug_frame   0x00002ed4      0x144 /usr/lib/gcc/arm-none-eabi/13.2.0/../../../../arm-none-eabi/lib/thumb/v7e-m+fp/hard/libc_nano.a(libc_a-findfp.o)
 .debug_frame   0x00003018       0x20 /usr/lib/gcc/arm-none-eabi/13.2.0/../../../../arm-none-eabi/lib/thumb/v7e-m+fp/hard/libc_nano.a(libc_a-memset.o)
 .debug_frame   0x00003038       0x38 /usr/lib/gcc/arm-none-eabi/13.2.0/../../../../arm-none-eabi/lib/thumb/v7e-m+fp/hard/libc_nano.a(libc_a-reent.o)
 .debug_frame   0x00003070       0x2c /usr/lib/gcc/arm-none-eabi/13.2.0/../../../../arm-none-eabi/lib/thumb/v7e-m+fp/hard/libc_nano.a(libc_a-sbrkr.o)
 .debug_frame   0x0000309c       0x2c /usr/lib/gcc/arm-none-eabi/13.2.0/../../../../arm-none-eabi/lib/thumb/v7e-m+fp/hard/libc_nano.a(libc_a-init.o)
 .debug_frame   0x000030c8       0xb0 /usr/lib/gcc/arm-none-eabi/13.2.0/../../../../arm-none-eabi/lib/thumb/v7e-m+fp/hard/libc_nano.a(libc_a-lock.o)
 .debug_frame   0x00003178       0x38 /usr/lib/gcc/arm-none-eabi/13.2.0/../../../../arm-none-eabi/lib/thumb/v7e-m+fp/hard/libc_nano.a(libc_a-freer.o)
 .debug_frame   0x000031b0       0x20 /usr/lib/gcc/arm-none-eabi/13.2.0/../../../../arm-none-eabi/lib/thumb/v7e-m+fp/hard/libnosys.a(sbrk.o)
 .debug_frame   0x000031d0       0x2c /usr/lib/gcc/arm-none-eabi/13.2.0/thumb/v7e-m+fp/hard/libgcc.a(_aeabi_uldivmod.o)
 .debug_frame   0x000031fc       0x34 /usr/lib/gcc/arm-none-eabi/13.2.0/thumb/v7e-m+fp/hard/libgcc.a(_udivmoddi4.o)

.debug_loclists
                0x00000000     0xc55e
 .debug_loclists
                0x00000000      0x12e build/stm32f4xx_hal_msp.o
 .debug_loclists
                0x0000012e       0xfa build/system_stm32f4xx.o
 .debug_loclists
                0x00000228       0xe1 build/stm32f4xx_hal.o
 .debug_loclists
                0x00000309      0x54d build/stm32f4xx_hal_cortex.o
 .debug_loclists
                0x00000856      0x386 build/stm32f4xx_hal_gpio.o
 .debug_loclists
                0x00000bdc      0xc3e build/stm32f4xx_hal_hcd.o
 .debug_loclists
                0x0000181a     0x31cf build/stm32f4xx_hal_i2c.o
 .debug_loclists
                0x000049e9      0xb31 build/stm32f4xx_hal_i2s.o
 .debug_loclists
                0x0000551a      0x7f0 build/stm32f4xx_hal_i2s_ex.o
 .debug_loclists
                0x00005d0a      0x3e5 build/stm32f4xx_hal_rcc.o
 .debug_loclists
                0x000060ef      0x261 build/stm32f4xx_hal_rcc_ex.o
 .debug_loclists
                0x00006350     0x166b build/stm32f4xx_hal_spi.o
 .debug_loclists
                0x000079bb     0x1a12 build/stm32f4xx_ll_usb.o
 .debug_loclists
                0x000093cd      0x50b build/usbh_cdc.o
 .debug_loclists
                0x000098d8      0x63b build/usbh_core.o
 .debug_loclists
                0x00009f13      0xad6 build/usbh_ctlreq.o
 .debug_loclists
                0x0000a9e9      0x463 build/usbh_ioreq.o
 .debug_loclists
                0x0000ae4c      0x1aa build/usbh_pipes.o
 .debug_loclists
                0x0000aff6      0x664 build/usbh_conf.o
 .debug_loclists
                0x0000b65a       0x3d build/usbh_platform.o
 .debug_loclists
                0x0000b697       0x48 /usr/lib/gcc/arm-none-eabi/13.2.0/../../../../arm-none-eabi/lib/thumb/v7e-m+fp/hard/libc_nano.a(libc_a-malloc.o)
 .debug_loclists
                0x0000b6df      0x219 /usr/lib/gcc/arm-none-eabi/13.2.0/../../../../arm-none-eabi/lib/thumb/v7e-m+fp/hard/libc_nano.a(libc_a-mallocr.o)
 .debug_loclists
                0x0000b8f8       0x3a /usr/lib/gcc/arm-none-eabi/13.2.0/../../../../arm-none-eabi/lib/thumb/v7e-m+fp/hard/libc_nano.a(libc_a-mlock.o)
 .debug_loclists
                0x0000b932      0x252 /usr/lib/gcc/arm-none-eabi/13.2.0/../../../../arm-none-eabi/lib/thumb/v7e-m+fp/hard/libc_nano.a(libc_a-findfp.o)
 .debug_loclists
                0x0000bb84       0x47 /usr/lib/gcc/arm-none-eabi/13.2.0/../../../../arm-none-eabi/lib/thumb/v7e-m+fp/hard/libc_nano.a(libc_a-memset.o)
 .debug_loclists
                0x0000bbcb       0x72 /usr/lib/gcc/arm-none-eabi/13.2.0/../../../../arm-none-eabi/lib/thumb/v7e-m+fp/hard/libc_nano.a(libc_a-reent.o)
 .debug_loclists
                0x0000bc3d       0x4c /usr/lib/gcc/arm-none-eabi/13.2.0/../../../../arm-none-eabi/lib/thumb/v7e-m+fp/hard/libc_nano.a(libc_a-sbrkr.o)
 .debug_loclists
                0x0000bc89       0x44 /usr/lib/gcc/arm-none-eabi/13.2.0/../../../../arm-none-eabi/lib/thumb/v7e-m+fp/hard/libc_nano.a(libc_a-init.o)
 .debug_loclists
                0x0000bccd       0x23 /usr/lib/gcc/arm-none-eabi/13.2.0/../../../../arm-none-eabi/lib/thumb/v7e-m+fp/hard/libc_nano.a(libc_a-lock.o)
 .debug_loclists
                0x0000bcf0       0xd4 /usr/lib/gcc/arm-none-eabi/13.2.0/../../../../arm-none-eabi/lib/thumb/v7e-m+fp/hard/libc_nano.a(libc_a-freer.o)
 .debug_loclists
                0x0000bdc4       0x32 /usr/lib/gcc/arm-none-eabi/13.2.0/../../../../arm-none-eabi/lib/thumb/v7e-m+fp/hard/libnosys.a(sbrk.o)
 .debug_loclists
                0x0000bdf6      0x768 /usr/lib/gcc/arm-none-eabi/13.2.0/thumb/v7e-m+fp/hard/libgcc.a(_udivmoddi4.o)

.debug_line_str
                0x00000000       0xea
 .debug_line_str
                0x00000000       0xea build/startup_stm32f407xx.o
                                 0x4c (size before relaxing)
 .debug_line_str
                0x000000ea       0x92 /usr/lib/gcc/arm-none-eabi/13.2.0/thumb/v7e-m+fp/hard/libgcc.a(_aeabi_uldivmod.o)
 .debug_line_str
                0x000000ea       0x96 /usr/lib/gcc/arm-none-eabi/13.2.0/thumb/v7e-m+fp/hard/libgcc.a(_dvmd_tls.o)

Cross Reference Table

Symbol                                            File
ADC_IRQHandler                                    build/startup_stm32f407xx.o
AHBPrescTable                                     build/system_stm32f4xx.o
                                                  build/stm32f4xx_hal_rcc.o
APBPrescTable                                     build/system_stm32f4xx.o
                                                  build/stm32f4xx_hal_rcc.o
Appli_state                                       build/usb_host.o
BusFault_Handler                                  build/stm32f4xx_it.o
CAN1_RX0_IRQHandler                               build/startup_stm32f407xx.o
CAN1_RX1_IRQHandler                               build/startup_stm32f407xx.o
CAN1_SCE_IRQHandler                               build/startup_stm32f407xx.o
CAN1_TX_IRQHandler                                build/startup_stm32f407xx.o
CAN2_RX0_IRQHandler                               build/startup_stm32f407xx.o
CAN2_RX1_IRQHandler                               build/startup_stm32f407xx.o
CAN2_SCE_IRQHandler                               build/startup_stm32f407xx.o
CAN2_TX_IRQHandler                                build/startup_stm32f407xx.o
CDC_Class                                         build/usbh_cdc.o
                                                  build/usb_host.o
DCMI_IRQHandler                                   build/startup_stm32f407xx.o
DMA1_Stream0_IRQHandler                           build/startup_stm32f407xx.o
DMA1_Stream1_IRQHandler                           build/startup_stm32f407xx.o
DMA1_Stream2_IRQHandler                           build/startup_stm32f407xx.o
DMA1_Stream3_IRQHandler                           build/startup_stm32f407xx.o
DMA1_Stream4_IRQHandler                           build/startup_stm32f407xx.o
DMA1_Stream5_IRQHandler                           build/startup_stm32f407xx.o
DMA1_Stream6_IRQHandler                           build/startup_stm32f407xx.o
DMA1_Stream7_IRQHandler                           build/startup_stm32f407xx.o
DMA2_Stream0_IRQHandler                           build/startup_stm32f407xx.o
DMA2_Stream1_IRQHandler                           build/startup_stm32f407xx.o
DMA2_Stream2_IRQHandler                           build/startup_stm32f407xx.o
DMA2_Stream3_IRQHandler                           build/startup_stm32f407xx.o
DMA2_Stream4_IRQHandler                           build/startup_stm32f407xx.o
DMA2_Stream5_IRQHandler                           build/startup_stm32f407xx.o
DMA2_Stream6_IRQHandler                           build/startup_stm32f407xx.o
DMA2_Stream7_IRQHandler                           build/startup_stm32f407xx.o
DebugMon_Handler                                  build/stm32f4xx_it.o
Default_Handler                                   build/startup_stm32f407xx.o
ETH_IRQHandler                                    build/startup_stm32f407xx.o
ETH_WKUP_IRQHandler                               build/startup_stm32f407xx.o
EXTI0_IRQHandler                                  build/startup_stm32f407xx.o
EXTI15_10_IRQHandler                              build/startup_stm32f407xx.o
EXTI1_IRQHandler                                  build/startup_stm32f407xx.o
EXTI2_IRQHandler                                  build/startup_stm32f407xx.o
EXTI3_IRQHandler                                  build/startup_stm32f407xx.o
EXTI4_IRQHandler                                  build/startup_stm32f407xx.o
EXTI9_5_IRQHandler                                build/startup_stm32f407xx.o
Error_Handler                                     build/main.o
                                                  build/usbh_conf.o
                                                  build/usb_host.o
                                                  build/stm32f4xx_hal_msp.o
FLASH_Erase_Sector                                build/stm32f4xx_hal_flash_ex.o
                                                  build/stm32f4xx_hal_flash.o
FLASH_FlushCaches                                 build/stm32f4xx_hal_flash_ex.o
                                                  build/stm32f4xx_hal_flash.o
FLASH_IRQHandler                                  build/startup_stm32f407xx.o
FLASH_WaitForLastOperation                        build/stm32f4xx_hal_flash.o
                                                  build/stm32f4xx_hal_flash_ex.o
FPU_IRQHandler                                    build/startup_stm32f407xx.o
FSMC_IRQHandler                                   build/startup_stm32f407xx.o
HAL_DBGMCU_DisableDBGSleepMode                    build/stm32f4xx_hal.o
HAL_DBGMCU_DisableDBGStandbyMode                  build/stm32f4xx_hal.o
HAL_DBGMCU_DisableDBGStopMode                     build/stm32f4xx_hal.o
HAL_DBGMCU_EnableDBGSleepMode                     build/stm32f4xx_hal.o
HAL_DBGMCU_EnableDBGStandbyMode                   build/stm32f4xx_hal.o
HAL_DBGMCU_EnableDBGStopMode                      build/stm32f4xx_hal.o
HAL_DMAEx_ChangeMemory                            build/stm32f4xx_hal_dma_ex.o
HAL_DMAEx_MultiBufferStart                        build/stm32f4xx_hal_dma_ex.o
HAL_DMAEx_MultiBufferStart_IT                     build/stm32f4xx_hal_dma_ex.o
HAL_DMA_Abort                                     build/stm32f4xx_hal_dma.o
                                                  build/stm32f4xx_hal_spi.o
                                                  build/stm32f4xx_hal_i2s.o
HAL_DMA_Abort_IT                                  build/stm32f4xx_hal_dma.o
                                                  build/stm32f4xx_hal_spi.o
                                                  build/stm32f4xx_hal_i2c.o
HAL_DMA_DeInit                                    build/stm32f4xx_hal_dma.o
HAL_DMA_GetError                                  build/stm32f4xx_hal_dma.o
                                                  build/stm32f4xx_hal_i2c.o
HAL_DMA_GetState                                  build/stm32f4xx_hal_dma.o
                                                  build/stm32f4xx_hal_i2c.o
HAL_DMA_IRQHandler                                build/stm32f4xx_hal_dma.o
HAL_DMA_Init                                      build/stm32f4xx_hal_dma.o
HAL_DMA_PollForTransfer                           build/stm32f4xx_hal_dma.o
HAL_DMA_RegisterCallback                          build/stm32f4xx_hal_dma.o
HAL_DMA_Start                                     build/stm32f4xx_hal_dma.o
HAL_DMA_Start_IT                                  build/stm32f4xx_hal_dma.o
                                                  build/stm32f4xx_hal_spi.o
                                                  build/stm32f4xx_hal_i2s_ex.o
                                                  build/stm32f4xx_hal_i2s.o
                                                  build/stm32f4xx_hal_i2c.o
HAL_DMA_UnRegisterCallback                        build/stm32f4xx_hal_dma.o
HAL_DeInit                                        build/stm32f4xx_hal.o
HAL_Delay                                         build/stm32f4xx_hal.o
                                                  build/usbh_conf.o
                                                  build/stm32f4xx_ll_usb.o
HAL_DisableCompensationCell                       build/stm32f4xx_hal.o
HAL_EXTI_ClearConfigLine                          build/stm32f4xx_hal_exti.o
HAL_EXTI_ClearPending                             build/stm32f4xx_hal_exti.o
HAL_EXTI_GenerateSWI                              build/stm32f4xx_hal_exti.o
HAL_EXTI_GetConfigLine                            build/stm32f4xx_hal_exti.o
HAL_EXTI_GetHandle                                build/stm32f4xx_hal_exti.o
HAL_EXTI_GetPending                               build/stm32f4xx_hal_exti.o
HAL_EXTI_IRQHandler                               build/stm32f4xx_hal_exti.o
HAL_EXTI_RegisterCallback                         build/stm32f4xx_hal_exti.o
HAL_EXTI_SetConfigLine                            build/stm32f4xx_hal_exti.o
HAL_EnableCompensationCell                        build/stm32f4xx_hal.o
HAL_FLASHEx_Erase                                 build/stm32f4xx_hal_flash_ex.o
HAL_FLASHEx_Erase_IT                              build/stm32f4xx_hal_flash_ex.o
HAL_FLASHEx_OBGetConfig                           build/stm32f4xx_hal_flash_ex.o
HAL_FLASHEx_OBProgram                             build/stm32f4xx_hal_flash_ex.o
HAL_FLASH_EndOfOperationCallback                  build/stm32f4xx_hal_flash.o
HAL_FLASH_GetError                                build/stm32f4xx_hal_flash.o
HAL_FLASH_IRQHandler                              build/stm32f4xx_hal_flash.o
HAL_FLASH_Lock                                    build/stm32f4xx_hal_flash.o
HAL_FLASH_OB_Launch                               build/stm32f4xx_hal_flash.o
HAL_FLASH_OB_Lock                                 build/stm32f4xx_hal_flash.o
HAL_FLASH_OB_Unlock                               build/stm32f4xx_hal_flash.o
HAL_FLASH_OperationErrorCallback                  build/stm32f4xx_hal_flash.o
HAL_FLASH_Program                                 build/stm32f4xx_hal_flash.o
HAL_FLASH_Program_IT                              build/stm32f4xx_hal_flash.o
HAL_FLASH_Unlock                                  build/stm32f4xx_hal_flash.o
HAL_GPIO_DeInit                                   build/stm32f4xx_hal_gpio.o
                                                  build/usbh_conf.o
                                                  build/stm32f4xx_hal_msp.o
HAL_GPIO_EXTI_Callback                            build/stm32f4xx_hal_gpio.o
HAL_GPIO_EXTI_IRQHandler                          build/stm32f4xx_hal_gpio.o
HAL_GPIO_Init                                     build/stm32f4xx_hal_gpio.o
                                                  build/usbh_conf.o
                                                  build/stm32f4xx_hal_rcc.o
                                                  build/stm32f4xx_hal_msp.o
                                                  build/main.o
HAL_GPIO_LockPin                                  build/stm32f4xx_hal_gpio.o
HAL_GPIO_ReadPin                                  build/stm32f4xx_hal_gpio.o
HAL_GPIO_TogglePin                                build/stm32f4xx_hal_gpio.o
HAL_GPIO_WritePin                                 build/stm32f4xx_hal_gpio.o
                                                  build/usbh_platform.o
                                                  build/main.o
HAL_GetDEVID                                      build/stm32f4xx_hal.o
HAL_GetHalVersion                                 build/stm32f4xx_hal.o
HAL_GetREVID                                      build/stm32f4xx_hal.o
HAL_GetTick                                       build/stm32f4xx_hal.o
                                                  build/stm32f4xx_hal_spi.o
                                                  build/stm32f4xx_hal_rcc_ex.o
                                                  build/stm32f4xx_hal_rcc.o
                                                  build/stm32f4xx_hal_pwr_ex.o
                                                  build/stm32f4xx_hal_i2s_ex.o
                                                  build/stm32f4xx_hal_i2s.o
                                                  build/stm32f4xx_hal_i2c.o
                                                  build/stm32f4xx_hal_flash.o
                                                  build/stm32f4xx_hal_dma.o
HAL_GetTickFreq                                   build/stm32f4xx_hal.o
HAL_GetTickPrio                                   build/stm32f4xx_hal.o
HAL_GetUIDw0                                      build/stm32f4xx_hal.o
HAL_GetUIDw1                                      build/stm32f4xx_hal.o
HAL_GetUIDw2                                      build/stm32f4xx_hal.o
HAL_HCD_Connect_Callback                          build/usbh_conf.o
                                                  build/stm32f4xx_hal_hcd.o
HAL_HCD_DeInit                                    build/stm32f4xx_hal_hcd.o
                                                  build/usbh_conf.o
HAL_HCD_Disconnect_Callback                       build/usbh_conf.o
                                                  build/stm32f4xx_hal_hcd.o
HAL_HCD_GetCurrentFrame                           build/stm32f4xx_hal_hcd.o
                                                  build/usbh_conf.o
HAL_HCD_GetCurrentSpeed                           build/stm32f4xx_hal_hcd.o
                                                  build/usbh_conf.o
HAL_HCD_GetState                                  build/stm32f4xx_hal_hcd.o
HAL_HCD_HC_GetState                               build/stm32f4xx_hal_hcd.o
HAL_HCD_HC_GetURBState                            build/stm32f4xx_hal_hcd.o
                                                  build/usbh_conf.o
HAL_HCD_HC_GetXferCount                           build/stm32f4xx_hal_hcd.o
                                                  build/usbh_conf.o
HAL_HCD_HC_Halt                                   build/stm32f4xx_hal_hcd.o
                                                  build/usbh_conf.o
HAL_HCD_HC_Init                                   build/stm32f4xx_hal_hcd.o
                                                  build/usbh_conf.o
HAL_HCD_HC_NotifyURBChange_Callback               build/usbh_conf.o